 MMExtension

 Timestamp is 4abcf801 (Sat Sep 26 00:04:01 2009)

 Preferred load address is 02000000

 Start         Length     Name                   Class
 0001:00000000 00084d40H .text                   CODE
 0001:00084d40 0000012bH .text$x                 CODE
 0002:00000000 000001d0H .idata$5                DATA
 0002:000001d0 00000004H .CRT$XCA                DATA
 0002:000001d4 00000004H .CRT$XCZ                DATA
 0002:000001d8 00000004H .CRT$XIA                DATA
 0002:000001dc 00000018H .CRT$XIC                DATA
 0002:000001f4 00000004H .CRT$XIY                DATA
 0002:000001f8 00000004H .CRT$XIZ                DATA
 0002:000001fc 00000004H .CRT$XPA                DATA
 0002:00000200 0000000cH .CRT$XPX                DATA
 0002:0000020c 00000004H .CRT$XPXA               DATA
 0002:00000210 00000004H .CRT$XPZ                DATA
 0002:00000214 00000004H .CRT$XTA                DATA
 0002:00000218 00000004H .CRT$XTB                DATA
 0002:0000021c 00000004H .CRT$XTZ                DATA
 0002:00000220 0001cba8H .rdata                  DATA
 0002:0001cdc8 0000003dH .rdata$debug            DATA
 0002:0001ce08 0000033cH .rdata$r                DATA
 0002:0001d150 00000030H .rdata$sxdata           DATA
 0002:0001d180 00000004H .rtc$IAA                DATA
 0002:0001d184 00000014H .rtc$IMZ                DATA
 0002:0001d198 00000004H .rtc$IZZ                DATA
 0002:0001d19c 00000004H .rtc$TAA                DATA
 0002:0001d1a0 00000014H .rtc$TMZ                DATA
 0002:0001d1b4 00000004H .rtc$TZZ                DATA
 0002:0001d1b8 00001120H .xdata$x                DATA
 0002:0001e2d8 00000028H .idata$2                DATA
 0002:0001e300 00000014H .idata$3                DATA
 0002:0001e314 000001d0H .idata$4                DATA
 0002:0001e4e4 00000838H .idata$6                DATA
 0002:0001ed1c 00000000H .edata                  DATA
 0003:00000000 00001d80H .data                   DATA
 0003:00001d80 00004dc8H .bss                    DATA
 0004:00000000 00000058H .rsrc$01                DATA
 0004:00000060 00000098H .rsrc$02                DATA

  Address         Publics by Value              Rva+Base       Lib:Object

 0000:00000000       __except_list              00000000     <absolute>
 0000:0000000c       ___safe_se_handler_count   0000000c     <absolute>
 0000:00000000       ___ImageBase               02000000     <linker-defined>
 0001:000000a0       ?luaA_pushobject@@YAXPAUlua_State@@PBUlua_TValue@@@Z 020010a0 f   lua:lapi.obj
 0001:000000c0       ?lua_checkstack@@YAHPAUlua_State@@H@Z 020010c0 f   lua:lapi.obj
 0001:00000130       ?lua_xmove@@YAXPAUlua_State@@0H@Z 02001130 f   lua:lapi.obj
 0001:00000170       ?lua_setlevel@@YAXPAUlua_State@@0@Z 02001170 f   lua:lapi.obj
 0001:00000180       ?lua_atpanic@@YAP6AHPAUlua_State@@@Z0P6AH0@Z@Z 02001180 f   lua:lapi.obj
 0001:000001a0       ?lua_newthread@@YAPAUlua_State@@PAU1@@Z 020011a0 f   lua:lapi.obj
 0001:000001d0       ?lua_gettop@@YAHPAUlua_State@@@Z 020011d0 f   lua:lapi.obj
 0001:000001e0       ?lua_settop@@YAXPAUlua_State@@H@Z 020011e0 f   lua:lapi.obj
 0001:00000230       ?lua_remove@@YAXPAUlua_State@@H@Z 02001230 f   lua:lapi.obj
 0001:00000280       ?lua_insert@@YAXPAUlua_State@@H@Z 02001280 f   lua:lapi.obj
 0001:000002d0       ?lua_replace@@YAXPAUlua_State@@H@Z 020012d0 f   lua:lapi.obj
 0001:00000390       ?lua_pushvalue@@YAXPAUlua_State@@H@Z 02001390 f   lua:lapi.obj
 0001:000003c0       ?lua_type@@YAHPAUlua_State@@H@Z 020013c0 f   lua:lapi.obj
 0001:000003e0       ?lua_typename@@YAPBDPAUlua_State@@H@Z 020013e0 f   lua:lapi.obj
 0001:00000400       ?lua_iscfunction@@YAHPAUlua_State@@H@Z 02001400 f   lua:lapi.obj
 0001:00000420       ?lua_isnumber@@YAHPAUlua_State@@H@Z 02001420 f   lua:lapi.obj
 0001:00000470       ?lua_isstring@@YAHPAUlua_State@@H@Z 02001470 f   lua:lapi.obj
 0001:000004a0       ?lua_isuserdata@@YAHPAUlua_State@@H@Z 020014a0 f   lua:lapi.obj
 0001:000004c0       ?lua_rawequal@@YAHPAUlua_State@@HH@Z 020014c0 f   lua:lapi.obj
 0001:000004f0       ?lua_equal@@YAHPAUlua_State@@HH@Z 020014f0 f   lua:lapi.obj
 0001:00000540       ?lua_lessthan@@YAHPAUlua_State@@HH@Z 02001540 f   lua:lapi.obj
 0001:00000580       ?lua_tonumber@@YANPAUlua_State@@H@Z 02001580 f   lua:lapi.obj
 0001:000005e0       ?lua_tointeger@@YAHPAUlua_State@@H@Z 020015e0 f   lua:lapi.obj
 0001:00000640       ?lua_toboolean@@YAHPAUlua_State@@H@Z 02001640 f   lua:lapi.obj
 0001:00000670       ?lua_tolstring@@YAPBDPAUlua_State@@HPAI@Z 02001670 f   lua:lapi.obj
 0001:000006e0       ?lua_objlen@@YAIPAUlua_State@@H@Z 020016e0 f   lua:lapi.obj
 0001:00000750       ?lua_tocfunction@@YAP6AHPAUlua_State@@@Z0H@Z 02001750 f   lua:lapi.obj
 0001:00000770       ?lua_touserdata@@YAPAXPAUlua_State@@H@Z 02001770 f   lua:lapi.obj
 0001:000007a0       ?lua_tothread@@YAPAUlua_State@@PAU1@H@Z 020017a0 f   lua:lapi.obj
 0001:000007c0       ?lua_topointer@@YAPBXPAUlua_State@@H@Z 020017c0 f   lua:lapi.obj
 0001:00000820       ?lua_pushnil@@YAXPAUlua_State@@@Z 02001820 f   lua:lapi.obj
 0001:00000830       ?lua_pushnumber@@YAXPAUlua_State@@N@Z 02001830 f   lua:lapi.obj
 0001:00000850       ?lua_pushinteger@@YAXPAUlua_State@@H@Z 02001850 f   lua:lapi.obj
 0001:00000870       ?lua_pushlstring@@YAXPAUlua_State@@PBDI@Z 02001870 f   lua:lapi.obj
 0001:000008b0       ?lua_pushstring@@YAXPAUlua_State@@PBD@Z 020018b0 f   lua:lapi.obj
 0001:00000920       ?lua_pushvfstring@@YAPBDPAUlua_State@@PBDPAD@Z 02001920 f   lua:lapi.obj
 0001:00000950       ?lua_pushfstring@@YAPBDPAUlua_State@@PBDZZ 02001950 f   lua:lapi.obj
 0001:00000980       ?lua_pushcclosure@@YAXPAUlua_State@@P6AH0@ZH@Z 02001980 f   lua:lapi.obj
 0001:00000a10       ?lua_pushboolean@@YAXPAUlua_State@@H@Z 02001a10 f   lua:lapi.obj
 0001:00000a30       ?lua_pushlightuserdata@@YAXPAUlua_State@@PAX@Z 02001a30 f   lua:lapi.obj
 0001:00000a50       ?lua_pushthread@@YAHPAUlua_State@@@Z 02001a50 f   lua:lapi.obj
 0001:00000a80       ?lua_gettable@@YAXPAUlua_State@@H@Z 02001a80 f   lua:lapi.obj
 0001:00000aa0       ?lua_getfield@@YAXPAUlua_State@@HPBD@Z 02001aa0 f   lua:lapi.obj
 0001:00000b00       ?lua_rawget@@YAXPAUlua_State@@H@Z 02001b00 f   lua:lapi.obj
 0001:00000b30       ?lua_rawgeti@@YAXPAUlua_State@@HH@Z 02001b30 f   lua:lapi.obj
 0001:00000b70       ?lua_createtable@@YAXPAUlua_State@@HH@Z 02001b70 f   lua:lapi.obj
 0001:00000bb0       ?lua_getmetatable@@YAHPAUlua_State@@H@Z 02001bb0 f   lua:lapi.obj
 0001:00000c00       ?lua_getfenv@@YAXPAUlua_State@@H@Z 02001c00 f   lua:lapi.obj
 0001:00000c60       ?lua_settable@@YAXPAUlua_State@@H@Z 02001c60 f   lua:lapi.obj
 0001:00000c90       ?lua_setfield@@YAXPAUlua_State@@HPBD@Z 02001c90 f   lua:lapi.obj
 0001:00000d00       ?lua_rawset@@YAXPAUlua_State@@H@Z 02001d00 f   lua:lapi.obj
 0001:00000dc0       ?lua_rawseti@@YAXPAUlua_State@@HH@Z 02001dc0 f   lua:lapi.obj
 0001:00000e60       ?lua_setmetatable@@YAHPAUlua_State@@H@Z 02001e60 f   lua:lapi.obj
 0001:00000f10       ?lua_setfenv@@YAHPAUlua_State@@H@Z 02001f10 f   lua:lapi.obj
 0001:00000fb0       ?lua_call@@YAXPAUlua_State@@HH@Z 02001fb0 f   lua:lapi.obj
 0001:00001000       ?lua_pcall@@YAHPAUlua_State@@HHH@Z 02002000 f   lua:lapi.obj
 0001:000010f0       ?lua_cpcall@@YAHPAUlua_State@@P6AH0@ZPAX@Z 020020f0 f   lua:lapi.obj
 0001:00001120       ?lua_load@@YAHPAUlua_State@@P6APBD0PAXPAI@Z1PBD@Z 02002120 f   lua:lapi.obj
 0001:00001160       ?lua_dump@@YAHPAUlua_State@@P6AH0PBXIPAX@Z2@Z 02002160 f   lua:lapi.obj
 0001:00001190       ?lua_status@@YAHPAUlua_State@@@Z 02002190 f   lua:lapi.obj
 0001:000011a0       ?lua_gc@@YAHPAUlua_State@@HH@Z 020021a0 f   lua:lapi.obj
 0001:00001270       ?lua_error@@YAHPAUlua_State@@@Z 02002270 f   lua:lapi.obj
 0001:00001280       ?lua_next@@YAHPAUlua_State@@H@Z 02002280 f   lua:lapi.obj
 0001:000012b0       ?lua_concat@@YAXPAUlua_State@@H@Z 020022b0 f   lua:lapi.obj
 0001:00001330       ?lua_getallocf@@YAP6APAXPAX0II@ZPAUlua_State@@PAPAX@Z 02002330 f   lua:lapi.obj
 0001:00001350       ?lua_setallocf@@YAXPAUlua_State@@P6APAXPAX1II@Z1@Z 02002350 f   lua:lapi.obj
 0001:00001370       ?lua_newuserdata@@YAPAXPAUlua_State@@I@Z 02002370 f   lua:lapi.obj
 0001:00001420       ?lua_getupvalue@@YAPBDPAUlua_State@@HH@Z 02002420 f   lua:lapi.obj
 0001:000014a0       ?lua_setupvalue@@YAPBDPAUlua_State@@HH@Z 020024a0 f   lua:lapi.obj
 0001:00001550       ?luaL_argerror@@YAHPAUlua_State@@HPBD@Z 02002550 f   lua:lauxlib.obj
 0001:00001650       ?luaL_typerror@@YAHPAUlua_State@@HPBD@Z 02002650 f   lua:lauxlib.obj
 0001:00001700       ?luaL_where@@YAXPAUlua_State@@H@Z 02002700 f   lua:lauxlib.obj
 0001:000017b0       ?luaL_error@@YAHPAUlua_State@@PBDZZ 020027b0 f   lua:lauxlib.obj
 0001:00001820       ?luaL_checkoption@@YAHPAUlua_State@@HPBDQBQBD@Z 02002820 f   lua:lauxlib.obj
 0001:000018e0       ?luaL_newmetatable@@YAHPAUlua_State@@PBD@Z 020028e0 f   lua:lauxlib.obj
 0001:00001980       ?luaL_checkudata@@YAPAXPAUlua_State@@HPBD@Z 02002980 f   lua:lauxlib.obj
 0001:00001a90       ?luaL_checkstack@@YAXPAUlua_State@@HPBD@Z 02002a90 f   lua:lauxlib.obj
 0001:00001ab0       ?luaL_checktype@@YAXPAUlua_State@@HH@Z 02002ab0 f   lua:lauxlib.obj
 0001:00001af0       ?luaL_checkany@@YAXPAUlua_State@@H@Z 02002af0 f   lua:lauxlib.obj
 0001:00001b20       ?luaL_checklstring@@YAPBDPAUlua_State@@HPAI@Z 02002b20 f   lua:lauxlib.obj
 0001:00001b90       ?luaL_optlstring@@YAPBDPAUlua_State@@HPBDPAI@Z 02002b90 f   lua:lauxlib.obj
 0001:00001bf0       ?luaL_checknumber@@YANPAUlua_State@@H@Z 02002bf0 f   lua:lauxlib.obj
 0001:00001ce0       ?luaL_optnumber@@YANPAUlua_State@@HN@Z 02002ce0 f   lua:lauxlib.obj
 0001:00001cf0       ?luaL_checkinteger@@YAHPAUlua_State@@H@Z 02002cf0 f   lua:lauxlib.obj
 0001:00001da0       ?luaL_optinteger@@YAHPAUlua_State@@HH@Z 02002da0 f   lua:lauxlib.obj
 0001:00001db0       ?luaL_getmetafield@@YAHPAUlua_State@@HPBD@Z 02002db0 f   lua:lauxlib.obj
 0001:00001e10       ?luaL_callmeta@@YAHPAUlua_State@@HPBD@Z 02002e10 f   lua:lauxlib.obj
 0001:00001ec0       ?luaL_register@@YAXPAUlua_State@@PBDPBUluaL_Reg@@@Z 02002ec0 f   lua:lauxlib.obj
 0001:00001f00       ?luaI_openlib@@YAXPAUlua_State@@PBDPBUluaL_Reg@@H@Z 02002f00 f   lua:lauxlib.obj
 0001:00002040       ?luaL_gsub@@YAPBDPAUlua_State@@PBD11@Z 02003040 f   lua:lauxlib.obj
 0001:00002180       ?luaL_findtable@@YAPBDPAUlua_State@@HPBDH@Z 02003180 f   lua:lauxlib.obj
 0001:00002540       ?luaL_prepbuffer@@YAPADPAUluaL_Buffer@@@Z 02003540 f   lua:lauxlib.obj
 0001:00002560       ?luaL_addlstring@@YAXPAUluaL_Buffer@@PBDI@Z 02003560 f   lua:lauxlib.obj
 0001:00002600       ?luaL_addstring@@YAXPAUluaL_Buffer@@PBD@Z 02003600 f   lua:lauxlib.obj
 0001:00002630       ?luaL_pushresult@@YAXPAUluaL_Buffer@@@Z 02003630 f   lua:lauxlib.obj
 0001:00002660       ?luaL_addvalue@@YAXPAUluaL_Buffer@@@Z 02003660 f   lua:lauxlib.obj
 0001:000026d0       ?luaL_buffinit@@YAXPAUlua_State@@PAUluaL_Buffer@@@Z 020036d0 f   lua:lauxlib.obj
 0001:000026e0       ?luaL_ref@@YAHPAUlua_State@@H@Z 020036e0 f   lua:lauxlib.obj
 0001:000027d0       ?luaL_unref@@YAXPAUlua_State@@HH@Z 020037d0 f   lua:lauxlib.obj
 0001:00002980       ?luaL_loadfile@@YAHPAUlua_State@@PBD@Z 02003980 f   lua:lauxlib.obj
 0001:00002c20       ?luaL_loadbuffer@@YAHPAUlua_State@@PBDI1@Z 02003c20 f   lua:lauxlib.obj
 0001:00002c70       ?luaL_loadstring@@YAHPAUlua_State@@PBD@Z 02003c70 f   lua:lauxlib.obj
 0001:00002d60       ?luaL_newstate@@YAPAUlua_State@@XZ 02003d60 f   lua:lauxlib.obj
 0001:00002d80       ?luaL_openlibs@@YAXPAUlua_State@@@Z 02003d80 f   lua:linit.obj
 0001:000031d0       ?luaE_newthread@@YAPAUlua_State@@PAU1@@Z 020041d0 f   lua:lstate.obj
 0001:000032b0       ?luaE_freethread@@YAXPAUlua_State@@0@Z 020042b0 f   lua:lstate.obj
 0001:00003310       ?lua_newstate@@YAPAUlua_State@@P6APAXPAX0II@Z0@Z 02004310 f   lua:lstate.obj
 0001:00003470       ?lua_close@@YAXPAUlua_State@@@Z 02004470 f   lua:lstate.obj
 0001:000034d0       ?luaO_int2fb@@YAHI@Z       020044d0 f   lua:lobject.obj
 0001:00003500       ?luaO_fb2int@@YAHH@Z       02004500 f   lua:lobject.obj
 0001:00003520       ?luaO_log2@@YAHI@Z         02004520 f   lua:lobject.obj
 0001:00003550       ?luaO_rawequalObj@@YAHPBUlua_TValue@@0@Z 02004550 f   lua:lobject.obj
 0001:000035a0       ?luaO_str2d@@YAHPBDPAN@Z   020045a0 f   lua:lobject.obj
 0001:000036b0       ?luaO_pushvfstring@@YAPBDPAUlua_State@@PBDPAD@Z 020046b0 f   lua:lobject.obj
 0001:00003a30       ?luaO_pushfstring@@YAPBDPAUlua_State@@PBDZZ 02004a30 f   lua:lobject.obj
 0001:00003a50       ?luaO_chunkid@@YAXPADPBDI@Z 02004a50 f   lua:lobject.obj
 0001:00003c40       ?lua_sethook@@YAHPAUlua_State@@P6AX0PAUlua_Debug@@@ZHH@Z 02004c40 f   lua:ldebug.obj
 0001:00003c60       ?lua_gethook@@YAP6AXPAUlua_State@@PAUlua_Debug@@@Z0@Z 02004c60 f   lua:ldebug.obj
 0001:00003c70       ?lua_gethookmask@@YAHPAUlua_State@@@Z 02004c70 f   lua:ldebug.obj
 0001:00003c80       ?lua_gethookcount@@YAHPAUlua_State@@@Z 02004c80 f   lua:ldebug.obj
 0001:00003c90       ?lua_getstack@@YAHPAUlua_State@@HPAUlua_Debug@@@Z 02004c90 f   lua:ldebug.obj
 0001:00003d90       ?lua_getlocal@@YAPBDPAUlua_State@@PBUlua_Debug@@H@Z 02004d90 f   lua:ldebug.obj
 0001:00003de0       ?lua_setlocal@@YAPBDPAUlua_State@@PBUlua_Debug@@H@Z 02004de0 f   lua:ldebug.obj
 0001:00004140       ?lua_getinfo@@YAHPAUlua_State@@PBDPAUlua_Debug@@@Z 02005140 f   lua:ldebug.obj
 0001:00004260       ?luaG_checkopenop@@YAHI@Z  02005260 f   lua:ldebug.obj
 0001:000047a0       ?luaG_checkcode@@YAHPBUProto@@@Z 020057a0 f   lua:ldebug.obj
 0001:00004a40       ?luaG_typeerror@@YAXPAUlua_State@@PBUlua_TValue@@PBD@Z 02005a40 f   lua:ldebug.obj
 0001:00004ac0       ?luaG_concaterror@@YAXPAUlua_State@@PAUlua_TValue@@1@Z 02005ac0 f   lua:ldebug.obj
 0001:00004ae0       ?luaG_aritherror@@YAXPAUlua_State@@PBUlua_TValue@@1@Z 02005ae0 f   lua:ldebug.obj
 0001:00004b30       ?luaG_ordererror@@YAHPAUlua_State@@PBUlua_TValue@@1@Z 02005b30 f   lua:ldebug.obj
 0001:00004c20       ?luaG_errormsg@@YAXPAUlua_State@@@Z 02005c20 f   lua:ldebug.obj
 0001:00004d20       ?luaG_runerror@@YAXPAUlua_State@@PBDZZ 02005d20 f   lua:ldebug.obj
 0001:00005350       ?luaU_dump@@YAHPAUlua_State@@PBUProto@@P6AH0PBXIPAX@Z3H@Z 02006350 f   lua:ldump.obj
 0001:000055a0       ?luaH_next@@YAHPAUlua_State@@PAUTable@@PAUlua_TValue@@@Z 020065a0 f   lua:ltable.obj
 0001:00005b80       ?luaH_resizearray@@YAXPAUlua_State@@PAUTable@@H@Z 02006b80 f   lua:ltable.obj
 0001:00005cc0       ?luaH_new@@YAPAUTable@@PAUlua_State@@HH@Z 02006cc0 f   lua:ltable.obj
 0001:00005d30       ?luaH_free@@YAXPAUlua_State@@PAUTable@@@Z 02006d30 f   lua:ltable.obj
 0001:00005ec0       ?luaH_getnum@@YAPBUlua_TValue@@PAUTable@@H@Z 02006ec0 f   lua:ltable.obj
 0001:00005f50       ?luaH_getstr@@YAPBUlua_TValue@@PAUTable@@PATTString@@@Z 02006f50 f   lua:ltable.obj
 0001:00005f90       ?luaH_get@@YAPBUlua_TValue@@PAUTable@@PBU1@@Z 02006f90 f   lua:ltable.obj
 0001:00006060       ?luaH_set@@YAPAUlua_TValue@@PAUlua_State@@PAUTable@@PBU1@@Z 02007060 f   lua:ltable.obj
 0001:000060b0       ?luaH_setnum@@YAPAUlua_TValue@@PAUlua_State@@PAUTable@@H@Z 020070b0 f   lua:ltable.obj
 0001:00006100       ?luaH_setstr@@YAPAUlua_TValue@@PAUlua_State@@PAUTable@@PATTString@@@Z 02007100 f   lua:ltable.obj
 0001:00006220       ?luaH_getn@@YAHPAUTable@@@Z 02007220 f   lua:ltable.obj
 0001:000063a0       ?luaC_separateudata@@YAIPAUlua_State@@H@Z 020073a0 f   lua:lgc.obj
 0001:00006e20       ?luaC_callGCTM@@YAXPAUlua_State@@@Z 02007e20 f   lua:lgc.obj
 0001:00006e40       ?luaC_freeall@@YAXPAUlua_State@@@Z 02007e40 f   lua:lgc.obj
 0001:00007170       ?luaC_step@@YAXPAUlua_State@@@Z 02008170 f   lua:lgc.obj
 0001:000071f0       ?luaC_fullgc@@YAXPAUlua_State@@@Z 020081f0 f   lua:lgc.obj
 0001:00007260       ?luaC_barrierf@@YAXPAUlua_State@@PATGCObject@@1@Z 02008260 f   lua:lgc.obj
 0001:00007290       ?luaC_barrierback@@YAXPAUlua_State@@PAUTable@@@Z 02008290 f   lua:lgc.obj
 0001:000072b0       ?luaC_link@@YAXPAUlua_State@@PATGCObject@@E@Z 020082b0 f   lua:lgc.obj
 0001:000072d0       ?luaC_linkupval@@YAXPAUlua_State@@PAUUpVal@@@Z 020082d0 f   lua:lgc.obj
 0001:00007320       ?luaV_tonumber@@YAPBUlua_TValue@@PBU1@PAU1@@Z 02008320 f   lua:lvm.obj
 0001:00007370       ?luaV_tostring@@YAHPAUlua_State@@PAUlua_TValue@@@Z 02008370 f   lua:lvm.obj
 0001:000075f0       ?luaV_gettable@@YAXPAUlua_State@@PBUlua_TValue@@PAU2@2@Z 020085f0 f   lua:lvm.obj
 0001:00007740       ?luaV_settable@@YAXPAUlua_State@@PBUlua_TValue@@PAU2@2@Z 02008740 f   lua:lvm.obj
 0001:00007c00       ?luaV_lessthan@@YAHPAUlua_State@@PBUlua_TValue@@1@Z 02008c00 f   lua:lvm.obj
 0001:00007d80       ?luaV_equalval@@YAHPAUlua_State@@PBUlua_TValue@@1@Z 02008d80 f   lua:lvm.obj
 0001:00007e40       ?luaV_concat@@YAXPAUlua_State@@HH@Z 02008e40 f   lua:lvm.obj
 0001:00008220       ?luaV_execute@@YAXPAUlua_State@@H@Z 02009220 f   lua:lvm.obj
 0001:00009580       ?luaF_newCclosure@@YAPATClosure@@PAUlua_State@@HPAUTable@@@Z 0200a580 f   lua:lfunc.obj
 0001:000095f0       ?luaF_newLclosure@@YAPATClosure@@PAUlua_State@@HPAUTable@@@Z 0200a5f0 f   lua:lfunc.obj
 0001:00009660       ?luaF_newupval@@YAPAUUpVal@@PAUlua_State@@@Z 0200a660 f   lua:lfunc.obj
 0001:000096c0       ?luaF_findupval@@YAPAUUpVal@@PAUlua_State@@PAUlua_TValue@@@Z 0200a6c0 f   lua:lfunc.obj
 0001:00009770       ?luaF_freeupval@@YAXPAUlua_State@@PAUUpVal@@@Z 0200a770 f   lua:lfunc.obj
 0001:000097a0       ?luaF_close@@YAXPAUlua_State@@PAUlua_TValue@@@Z 0200a7a0 f   lua:lfunc.obj
 0001:00009880       ?luaF_newproto@@YAPAUProto@@PAUlua_State@@@Z 0200a880 f   lua:lfunc.obj
 0001:00009910       ?luaF_freeproto@@YAXPAUlua_State@@PAUProto@@@Z 0200a910 f   lua:lfunc.obj
 0001:000099b0       ?luaF_freeclosure@@YAXPAUlua_State@@PATClosure@@@Z 0200a9b0 f   lua:lfunc.obj
 0001:000099f0       ?luaF_getlocalname@@YAPBDPBUProto@@HH@Z 0200a9f0 f   lua:lfunc.obj
 0001:00009a30       ?luaD_seterrorobj@@YAXPAUlua_State@@HPAUlua_TValue@@@Z 0200aa30 f   lua:ldo.obj
 0001:00009b50       ?luaD_throw@@YAXPAUlua_State@@H@Z 0200ab50 f   lua:ldo.obj
 0001:00009bc0       ?luaD_rawrunprotected@@YAHPAUlua_State@@P6AX0PAX@Z1@Z 0200abc0 f   lua:ldo.obj
 0001:00009ce0       ?luaD_reallocstack@@YAXPAUlua_State@@H@Z 0200ace0 f   lua:ldo.obj
 0001:00009d50       ?luaD_reallocCI@@YAXPAUlua_State@@H@Z 0200ad50 f   lua:ldo.obj
 0001:00009de0       ?luaD_growstack@@YAXPAUlua_State@@H@Z 0200ade0 f   lua:ldo.obj
 0001:00009e50       ?luaD_callhook@@YAXPAUlua_State@@HH@Z 0200ae50 f   lua:ldo.obj
 0001:0000a080       ?luaD_precall@@YAHPAUlua_State@@PAUlua_TValue@@H@Z 0200b080 f   lua:ldo.obj
 0001:0000a2a0       ?luaD_poscall@@YAHPAUlua_State@@PAUlua_TValue@@@Z 0200b2a0 f   lua:ldo.obj
 0001:0000a320       ?luaD_call@@YAXPAUlua_State@@PAUlua_TValue@@H@Z 0200b320 f   lua:ldo.obj
 0001:0000a4b0       ?lua_resume@@YAHPAUlua_State@@H@Z 0200b4b0 f   lua:ldo.obj
 0001:0000a550       ?lua_yield@@YAHPAUlua_State@@H@Z 0200b550 f   lua:ldo.obj
 0001:0000a580       ?luaD_pcall@@YAHPAUlua_State@@P6AX0PAX@Z1HH@Z 0200b580 f   lua:ldo.obj
 0001:0000a800       ?luaD_protectedparser@@YAHPAUlua_State@@PAUZio@@PBD@Z 0200b800 f   lua:ldo.obj
 0001:0000a870       ?luaT_init@@YAXPAUlua_State@@@Z 0200b870 f   lua:ltm.obj
 0001:0000a8c0       ?luaT_gettm@@YAPBUlua_TValue@@PAUTable@@W4TMS@@PATTString@@@Z 0200b8c0 f   lua:ltm.obj
 0001:0000a910       ?luaT_gettmbyobj@@YAPBUlua_TValue@@PAUlua_State@@PBU1@W4TMS@@@Z 0200b910 f   lua:ltm.obj
 0001:0000a960       ?luaS_resize@@YAXPAUlua_State@@H@Z 0200b960 f   lua:lstring.obj
 0001:0000aaf0       ?luaS_newlstr@@YAPATTString@@PAUlua_State@@PBDI@Z 0200baf0 f   lua:lstring.obj
 0001:0000ac50       ?luaS_newudata@@YAPATUdata@@PAUlua_State@@IPAUTable@@@Z 0200bc50 f   lua:lstring.obj
 0001:0000ace0       ?luaZ_fill@@YAHPAUZio@@@Z  0200bce0 f   lua:lzio.obj
 0001:0000ad20       ?luaZ_lookahead@@YAHPAUZio@@@Z 0200bd20 f   lua:lzio.obj
 0001:0000ad80       ?luaZ_init@@YAXPAUlua_State@@PAUZio@@P6APBD0PAXPAI@Z2@Z 0200bd80 f   lua:lzio.obj
 0001:0000ada0       ?luaZ_read@@YAIPAUZio@@PAXI@Z 0200bda0 f   lua:lzio.obj
 0001:0000ae30       ?luaZ_openspace@@YAPADPAUlua_State@@PAUMbuffer@@I@Z 0200be30 f   lua:lzio.obj
 0001:0000c5a0       ?luaopen_debug@@YAHPAUlua_State@@@Z 0200d5a0 f   lua:ldblib.obj
 0001:0000ceb0       ?luaopen_math@@YAHPAUlua_State@@@Z 0200deb0 f   lua:lmathlib.obj
 0001:0000cf30       ?strchr@@YAPADPADH@Z       0200df30 f i lua:lstrlib.obj
 0001:0000f7f0       ?luaopen_string@@YAHPAUlua_State@@@Z 020107f0 f   lua:lstrlib.obj
 0001:00011cb0       ?luaopen_base@@YAHPAUlua_State@@@Z 02012cb0 f   lua:lbaselib.obj
 0001:00013810       ?luaopen_io@@YAHPAUlua_State@@@Z 02014810 f   lua:liolib.obj
 0001:00014740       ?luaopen_os@@YAHPAUlua_State@@@Z 02015740 f   lua:loslib.obj
 0001:00014760       ?strrchr@@YAPADPADH@Z      02015760 f i lua:loadlib.obj
 0001:00015ae0       ?luaopen_package@@YAHPAUlua_State@@@Z 02016ae0 f   lua:loadlib.obj
 0001:000173d0       ?luaopen_table@@YAHPAUlua_State@@@Z 020183d0 f   lua:ltablib.obj
 0001:00017470       ?luaX_init@@YAXPAUlua_State@@@Z 02018470 f   lua:llex.obj
 0001:000174b0       ?luaX_token2str@@YAPBDPAULexState@@H@Z 020184b0 f   lua:llex.obj
 0001:00017570       ?luaX_lexerror@@YAXPAULexState@@PBDH@Z 02018570 f   lua:llex.obj
 0001:000175f0       ?luaX_syntaxerror@@YAXPAULexState@@PBD@Z 020185f0 f   lua:llex.obj
 0001:00017600       ?luaX_newstring@@YAPATTString@@PAULexState@@PBDI@Z 02018600 f   lua:llex.obj
 0001:00017700       ?luaX_setinput@@YAXPAUlua_State@@PAULexState@@PAUZio@@PATTString@@@Z 02018700 f   lua:llex.obj
 0001:00018c60       ?luaX_next@@YAXPAULexState@@@Z 02019c60 f   lua:llex.obj
 0001:00018cb0       ?luaX_lookahead@@YAXPAULexState@@@Z 02019cb0 f   lua:llex.obj
 0001:00018cd0       ?luaM_growaux_@@YAPAXPAUlua_State@@PAXPAHIHPBD@Z 02019cd0 f   lua:lmem.obj
 0001:00018da0       ?luaM_toobig@@YAPAXPAUlua_State@@@Z 02019da0 f   lua:lmem.obj
 0001:00018dc0       ?luaM_realloc_@@YAPAXPAUlua_State@@PAXII@Z 02019dc0 f   lua:lmem.obj
 0001:00019aa0       ?luaU_undump@@YAPAUProto@@PAUlua_State@@PAUZio@@PAUMbuffer@@PBD@Z 0201aaa0 f   lua:lundump.obj
 0001:00019b10       ?luaU_header@@YAXPAD@Z     0201ab10 f   lua:lundump.obj
 0001:0001a9d0       ?luaY_parser@@YAPAUProto@@PAUlua_State@@PAUZio@@PAUMbuffer@@PBD@Z 0201b9d0 f   lua:lparser.obj
 0001:0001df70       ?luaK_nil@@YAXPAUFuncState@@HH@Z 0201ef70 f   lua:lcode.obj
 0001:0001e000       ?luaK_jump@@YAHPAUFuncState@@@Z 0201f000 f   lua:lcode.obj
 0001:0001e040       ?luaK_ret@@YAXPAUFuncState@@HH@Z 0201f040 f   lua:lcode.obj
 0001:0001e120       ?luaK_getlabel@@YAHPAUFuncState@@@Z 0201f120 f   lua:lcode.obj
 0001:0001e450       ?luaK_patchlist@@YAXPAUFuncState@@HH@Z 0201f450 f   lua:lcode.obj
 0001:0001e480       ?luaK_patchtohere@@YAXPAUFuncState@@H@Z 0201f480 f   lua:lcode.obj
 0001:0001e4a0       ?luaK_concat@@YAXPAUFuncState@@PAHH@Z 0201f4a0 f   lua:lcode.obj
 0001:0001e4f0       ?luaK_checkstack@@YAXPAUFuncState@@H@Z 0201f4f0 f   lua:lcode.obj
 0001:0001e520       ?luaK_reserveregs@@YAXPAUFuncState@@H@Z 0201f520 f   lua:lcode.obj
 0001:0001e6d0       ?luaK_stringK@@YAHPAUFuncState@@PATTString@@@Z 0201f6d0 f   lua:lcode.obj
 0001:0001e6f0       ?luaK_numberK@@YAHPAUFuncState@@N@Z 0201f6f0 f   lua:lcode.obj
 0001:0001e770       ?luaK_setreturns@@YAXPAUFuncState@@PAUexpdesc@@H@Z 0201f770 f   lua:lcode.obj
 0001:0001e810       ?luaK_setoneret@@YAXPAUFuncState@@PAUexpdesc@@@Z 0201f810 f   lua:lcode.obj
 0001:0001e860       ?luaK_dischargevars@@YAXPAUFuncState@@PAUexpdesc@@@Z 0201f860 f   lua:lcode.obj
 0001:0001ec50       ?luaK_exp2nextreg@@YAXPAUFuncState@@PAUexpdesc@@@Z 0201fc50 f   lua:lcode.obj
 0001:0001ecc0       ?luaK_exp2anyreg@@YAHPAUFuncState@@PAUexpdesc@@@Z 0201fcc0 f   lua:lcode.obj
 0001:0001ed10       ?luaK_exp2val@@YAXPAUFuncState@@PAUexpdesc@@@Z 0201fd10 f   lua:lcode.obj
 0001:0001ed60       ?luaK_exp2RK@@YAHPAUFuncState@@PAUexpdesc@@@Z 0201fd60 f   lua:lcode.obj
 0001:0001eea0       ?luaK_storevar@@YAXPAUFuncState@@PAUexpdesc@@1@Z 0201fea0 f   lua:lcode.obj
 0001:0001ef90       ?luaK_self@@YAXPAUFuncState@@PAUexpdesc@@1@Z 0201ff90 f   lua:lcode.obj
 0001:0001f1e0       ?luaK_goiftrue@@YAXPAUFuncState@@PAUexpdesc@@@Z 020201e0 f   lua:lcode.obj
 0001:0001f3e0       ?luaK_indexed@@YAXPAUFuncState@@PAUexpdesc@@1@Z 020203e0 f   lua:lcode.obj
 0001:0001f6c0       ?luaK_prefix@@YAXPAUFuncState@@W4UnOpr@@PAUexpdesc@@@Z 020206c0 f   lua:lcode.obj
 0001:0001f750       ?luaK_infix@@YAXPAUFuncState@@W4BinOpr@@PAUexpdesc@@@Z 02020750 f   lua:lcode.obj
 0001:0001f7c0       ?luaK_posfix@@YAXPAUFuncState@@W4BinOpr@@PAUexpdesc@@2@Z 020207c0 f   lua:lcode.obj
 0001:0001f9e0       ?luaK_fixline@@YAXPAUFuncState@@H@Z 020209e0 f   lua:lcode.obj
 0001:0001fab0       ?luaK_codeABC@@YAHPAUFuncState@@W4OpCode@@HHH@Z 02020ab0 f   lua:lcode.obj
 0001:0001fae0       ?luaK_codeABx@@YAHPAUFuncState@@W4OpCode@@HI@Z 02020ae0 f   lua:lcode.obj
 0001:0001fb10       ?luaK_setlist@@YAXPAUFuncState@@HHH@Z 02020b10 f   lua:lcode.obj
 0001:0001fba0       ?ErrorMessage@@YAXPBD@Z    02020ba0 f   common.obj
 0001:0001fc10       ?DllImport@@YAP6GHXZPBD0_N@Z 02020c10 f   common.obj
 0001:0001fd40       ?MM6_CallProcessEvent@@YGHHHHH@Z 02020d40 f   FunctionCalls.obj
 0001:0001fdd0       ?RegisterFunctionCalls@@YAXXZ 02020dd0 f   FunctionCalls.obj
 0001:0001fe40       ?charToInt@@YAEE@Z         02020e40 f   Hooks.obj
 0001:0001fe90       ?WriteHooks@@YAXH@Z        02020e90 f   Hooks.obj
 0001:00020920       ?Start@@YAXXZ              02021920 f   Hooks.obj
 0001:00020960       ?_Start@@YAXXZ             02021960 f   Hooks.obj
 0001:00020970       ?AfterProcessEvent@@YGXHHHHHH@Z 02021970 f   Hooks.obj
 0001:000209d0       ?_MM6_ProcessEventStart@@YAXXZ 020219d0 f   Hooks.obj
 0001:00020a50       ?_MM6_ProcessEventReturn01@@YAXXZ 02021a50 f   Hooks.obj
 0001:00020a60       ?_MM6_ProcessEventReturnOther@@YAXXZ 02021a60 f   Hooks.obj
 0001:00020a70       ?_OnLoadMap@@YAXXZ         02021a70 f   Hooks.obj
 0001:00020ac0       ?MM6_OnGetEventHint@@YIPADH@Z 02021ac0 f   Hooks.obj
 0001:00020b10       ?_MM6_OnGetEventHint@@YAXXZ 02021b10 f   Hooks.obj
 0001:00020b30       ?MM6_OnGetMazeInfo@@YIPADXZ 02021b30 f   Hooks.obj
 0001:00020b80       ?_MM6_OnGetMazeInfo@@YAXXZ 02021b80 f   Hooks.obj
 0001:00020ba0       ?MM6_MainLoopEnd@@YAXXZ    02021ba0 f   Hooks.obj
 0001:00020be0       ?_MM6_MainLoopEnd@@YAXXZ   02021be0 f   Hooks.obj
 0001:00020bf0       ?OnLoadGame@@YAXXZ         02021bf0 f   Hooks.obj
 0001:00020c30       ?_MM6_LoadGame@@YAXXZ      02021c30 f   Hooks.obj
 0001:00020c40       ?OnSaveGame@@YAXXZ         02021c40 f   Hooks.obj
 0001:00020c80       ?_MM6_SaveGame@@YAXXZ      02021c80 f   Hooks.obj
 0001:00020c90       ?LeaveMap@@YAXXZ           02021c90 f   Hooks.obj
 0001:00020cd0       ?_MM6_LeaveMapWalk@@YAXXZ  02021cd0 f   Hooks.obj
 0001:00020ce0       ?_MM6_LeaveMapDie@@YAXXZ   02021ce0 f   Hooks.obj
 0001:00020cf0       ?_MM6_LeaveMapOther@@YAXXZ 02021cf0 f   Hooks.obj
 0001:00020d00       ?_OnTimer@@YIXH@Z          02021d00 f   Hooks.obj
 0001:00020d60       ?BeforeLoadMap@@YAXXZ      02021d60 f   Hooks.obj
 0001:00020da0       ?_MM6_BeforeLoadMap@@YAXXZ 02021da0 f   Hooks.obj
 0001:00020dc0       ?ToInteger@@YAHPAUlua_State@@H@Z 02021dc0 f   lua_main.obj
 0001:00020e50       ?ToString@@YAPBDPAUlua_State@@H@Z 02021e50 f   lua_main.obj
 0001:00020f10       ?PanicMessage@@YAHPAUlua_State@@@Z 02021f10 f   lua_main.obj
 0001:000212d0       ?DelphiRand@@YIHH@Z        020222d0 f   lua_main.obj
 0001:00021740       ?CallMultyParam@@YAHPAX0HH0@Z 02022740 f   lua_main.obj
 0001:000217b0       ?MoveParams@@YAHQAHPAUlua_State@@HH@Z 020227b0 f   lua_main.obj
 0001:00021cf0       ?Mem_NumSize@@YAHH@Z       02022cf0 f i lua_main.obj
 0001:000223b0       ?LuaAlloc@@YAPAXPAX0II@Z   020233b0 f   lua_main.obj
 0001:000223c0       ?GetInternal@@YAHXZ        020233c0 f   lua_main.obj
 0001:00022450       ?LuaFunction@@YAHPBD@Z     02023450 f   lua_main.obj
 0001:000225a0       ?GetLuaEvent@@YAHPBD@Z     020235a0 f   lua_main.obj
 0001:00022690       ?LuaPCall@@YAHHH@Z         02023690 f   lua_main.obj
 0001:000227e0       ?DoFile@@YAHPBD@Z          020237e0 f   lua_main.obj
 0001:00022850       ?LuaEvent@@YGXPBD@Z        02023850 f   lua_main.obj
 0001:000228a0       ?DoLuaEvent@@YAXPBDHPAH@Z  020238a0 f i lua_main.obj
 0001:00022940       ?LuaEvent@@YGXPBDH@Z       02023940 f   lua_main.obj
 0001:00022990       ?LuaEvent@@YGXPBDHH@Z      02023990 f   lua_main.obj
 0001:000229e0       ?LuaEvent@@YGXPBDHHH@Z     020239e0 f   lua_main.obj
 0001:00022a30       ?LuaEvent@@YGXPBDHHHH@Z    02023a30 f   lua_main.obj
 0001:00022a80       ?LuaEvent@@YGXPBDHHHHH@Z   02023a80 f   lua_main.obj
 0001:00022ad0       ?LuaEvent@@YGXPBDHHHHHH@Z  02023ad0 f   lua_main.obj
 0001:00022b20       ?LuaEvent@@YGXPBDHHHHHHH@Z 02023b20 f   lua_main.obj
 0001:00022b70       ?LuaEvent@@YGXPBDHHHHHHHH@Z 02023b70 f   lua_main.obj
 0001:00022bc0       ?LuaEvent@@YGXPBDHHHHHHHHH@Z 02023bc0 f   lua_main.obj
 0001:00022c10       ?LuaRun@@YGHPBD@Z          02023c10 f   lua_main.obj
 0001:00022c60       ?DoLuaRun@@YAHPBDHPAH@Z    02023c60 f i lua_main.obj
 0001:00022d50       ?LuaRun@@YGHPBDH@Z         02023d50 f   lua_main.obj
 0001:00022da0       ?LuaRun@@YGHPBDHH@Z        02023da0 f   lua_main.obj
 0001:00022df0       ?LuaRun@@YGHPBDHHH@Z       02023df0 f   lua_main.obj
 0001:00022e40       ?LuaRun@@YGHPBDHHHH@Z      02023e40 f   lua_main.obj
 0001:00022e90       ?LuaRun@@YGHPBDHHHHH@Z     02023e90 f   lua_main.obj
 0001:00022ee0       ?LuaRun@@YGHPBDHHHHHH@Z    02023ee0 f   lua_main.obj
 0001:00022f30       ?LuaRun@@YGHPBDHHHHHHH@Z   02023f30 f   lua_main.obj
 0001:00022f80       ?LuaRun@@YGHPBDHHHHHHHH@Z  02023f80 f   lua_main.obj
 0001:00022fd0       ?LuaRun@@YGHPBDHHHHHHHHH@Z 02023fd0 f   lua_main.obj
 0001:00023020       ?LuaInternalConst@@YAXPBDH@Z 02024020 f   lua_main.obj
 0001:000230a0       ?InitLua@@YAXXZ            020240a0 f   lua_main.obj
 0001:00023390       _DllMain@12                02024390 f   MMExtension.obj
 0001:000233da       _GetProcAddress@8          020243da f   kernel32:KERNEL32.dll
 0001:000233e0       _LoadLibraryA@4            020243e0 f   kernel32:KERNEL32.dll
 0001:000233e6       _ExitProcess@4             020243e6 f   kernel32:KERNEL32.dll
 0001:000233ec       _VirtualProtect@16         020243ec f   kernel32:KERNEL32.dll
 0001:000233f2       _FindFirstFileA@8          020243f2 f   kernel32:KERNEL32.dll
 0001:000233f8       _GetFullPathNameA@16       020243f8 f   kernel32:KERNEL32.dll
 0001:000233fe       _FindClose@4               020243fe f   kernel32:KERNEL32.dll
 0001:00023404       _FindNextFileA@8           02024404 f   kernel32:KERNEL32.dll
 0001:0002340a       _IsBadReadPtr@8            0202440a f   kernel32:KERNEL32.dll
 0001:00023410       _IsBadWritePtr@8           02024410 f   kernel32:KERNEL32.dll
 0001:00023416       _SetCurrentDirectoryA@4    02024416 f   kernel32:KERNEL32.dll
 0001:0002341c       _GetCurrentDirectoryA@8    0202441c f   kernel32:KERNEL32.dll
 0001:00023422       _FreeLibrary@4             02024422 f   kernel32:KERNEL32.dll
 0001:00023428       _FormatMessageA@28         02024428 f   kernel32:KERNEL32.dll
 0001:0002342e       _GetLastError@0            0202442e f   kernel32:KERNEL32.dll
 0001:00023434       _GetModuleFileNameA@12     02024434 f   kernel32:KERNEL32.dll
 0001:0002343a       _MessageBoxA@16            0202443a f   user32:USER32.dll
 0001:00023440       _GetKeyState@4             02024440 f   user32:USER32.dll
 0001:00023450       __RTC_CheckEsp             02024450 f   LIBCMTD:stack.obj
 0001:00023480       @_RTC_CheckStackVars@8     02024480 f   LIBCMTD:stack.obj
 0001:000234e0       @_RTC_AllocaHelper@12      020244e0 f   LIBCMTD:stack.obj
 0001:00023510       @_RTC_CheckStackVars2@12   02024510 f   LIBCMTD:stack.obj
 0001:000235f0       __RTC_InitBase             020245f0 f   LIBCMTD:init.obj
 0001:00023620       __RTC_Shutdown             02024620 f   LIBCMTD:init.obj
 0001:00023640       _sprintf                   02024640 f   LIBCMTD:sprintf.obj
 0001:000237c0       __sprintf_l                020247c0 f   LIBCMTD:sprintf.obj
 0001:000237f0       _sprintf_s                 020247f0 f   LIBCMTD:sprintf.obj
 0001:00023820       __sprintf_s_l              02024820 f   LIBCMTD:sprintf.obj
 0001:00023850       __snprintf_s               02024850 f   LIBCMTD:sprintf.obj
 0001:00023880       __snprintf_s_l             02024880 f   LIBCMTD:sprintf.obj
 0001:000238b0       __sprintf_p                020248b0 f   LIBCMTD:sprintf.obj
 0001:000238e0       __sprintf_p_l              020248e0 f   LIBCMTD:sprintf.obj
 0001:00023910       __scprintf                 02024910 f   LIBCMTD:sprintf.obj
 0001:00023930       __scprintf_p               02024930 f   LIBCMTD:sprintf.obj
 0001:00023950       __scprintf_l               02024950 f   LIBCMTD:sprintf.obj
 0001:00023980       __scprintf_p_l             02024980 f   LIBCMTD:sprintf.obj
 0001:000239b0       @__security_check_cookie@4 020249b0 f   LIBCMTD:secchk.obj
 0001:000239c0       _strlen                    020249c0 f   LIBCMTD:strlen.obj
 0001:00023a50       _DebuggerKnownHandle       02024a50 f   LIBCMTD:error.obj
 0001:00023af0       ?_RTC_Failure@@YAXPAXH@Z   02024af0 f   LIBCMTD:error.obj
 0001:00023e20       ?_RTC_StackFailure@@YAXPAXPBD@Z 02024e20 f   LIBCMTD:error.obj
 0001:00023f40       ?_RTC_AllocaFailure@@YAXPAXPAU_RTC_ALLOCA_NODE@@H@Z 02024f40 f   LIBCMTD:error.obj
 0001:00024100       __RTC_UninitUse            02025100 f   LIBCMTD:error.obj
 0001:00024210       __fpmath                   02025210 f   LIBCMTD:fpinit.obj
 0001:00024240       __fpclear                  02025240 f   LIBCMTD:fpinit.obj
 0001:00024250       __cfltcvt_init             02025250 f   LIBCMTD:fpinit.obj
 0001:000242c0       ___setfflag                020252c0 f   LIBCMTD:fpinit.obj
 0001:000242e0       __ftol2_sse                020252e0 f   LIBCMTD:ftol2.obj
 0001:000242e9       __ftol2_pentium4           020252e9 f   LIBCMTD:ftol2.obj
 0001:000242fc       __ftol2_sse_excpt          020252fc f   LIBCMTD:ftol2.obj
 0001:00024316       __ftol2                    02025316 f   LIBCMTD:ftol2.obj
 0001:00024390       _strcpy_s                  02025390 f   LIBCMTD:strcpy_s.obj
 0001:00024670       __allshl                   02025670 f   LIBCMTD:llshl.obj
 0001:00024690       _abs                       02025690 f   LIBCMTD:abs.obj
 0001:000246c0       __abs64                    020256c0 f   LIBCMTD:abs.obj
 0001:00024700       _memcpy                    02025700 f   LIBCMTD:memcpy.obj
 0001:00024a70       __CRT_INIT@12              02025a70 f   LIBCMTD:dllcrt0.obj
 0001:00024d50       __set_osplatform           02025d50 f i LIBCMTD:dllcrt0.obj
 0001:00024d60       __set_osver                02025d60 f i LIBCMTD:dllcrt0.obj
 0001:00024d70       __set_winver               02025d70 f i LIBCMTD:dllcrt0.obj
 0001:00024d80       __set_winmajor             02025d80 f i LIBCMTD:dllcrt0.obj
 0001:00024d90       __set_winminor             02025d90 f i LIBCMTD:dllcrt0.obj
 0001:00024da0       __DllMainCRTStartup@12     02025da0 f   LIBCMTD:dllcrt0.obj
 0001:00024f80       _feof                      02025f80 f   LIBCMTD:feoferr.obj
 0001:00025000       _ferror                    02026000 f   LIBCMTD:feoferr.obj
 0001:00025080       _malloc                    02026080 f   LIBCMTD:dbgheap.obj
 0001:000250b0       __malloc_dbg               020260b0 f   LIBCMTD:dbgheap.obj
 0001:000250e0       __nh_malloc                020260e0 f   LIBCMTD:dbgheap.obj
 0001:00025100       __nh_malloc_dbg            02026100 f   LIBCMTD:dbgheap.obj
 0001:00025170       __heap_alloc               02026170 f   LIBCMTD:dbgheap.obj
 0001:00025190       __heap_alloc_dbg           02026190 f   LIBCMTD:dbgheap.obj
 0001:00025530       _calloc                    02026530 f   LIBCMTD:dbgheap.obj
 0001:00025560       __calloc_dbg               02026560 f   LIBCMTD:dbgheap.obj
 0001:00025620       _realloc                   02026620 f   LIBCMTD:dbgheap.obj
 0001:00025650       __recalloc                 02026650 f   LIBCMTD:dbgheap.obj
 0001:000256f0       __realloc_dbg              020266f0 f   LIBCMTD:dbgheap.obj
 0001:00025cc0       __recalloc_dbg             02026cc0 f   LIBCMTD:dbgheap.obj
 0001:00025d70       __expand                   02026d70 f   LIBCMTD:dbgheap.obj
 0001:00025da0       __expand_dbg               02026da0 f   LIBCMTD:dbgheap.obj
 0001:00025eb0       _free                      02026eb0 f   LIBCMTD:dbgheap.obj
 0001:00025ed0       __free_nolock              02026ed0 f   LIBCMTD:dbgheap.obj
 0001:00025ef0       __free_dbg                 02026ef0 f   LIBCMTD:dbgheap.obj
 0001:00025f70       __free_dbg_nolock          02026f70 f   LIBCMTD:dbgheap.obj
 0001:000263a0       __msize                    020273a0 f   LIBCMTD:dbgheap.obj
 0001:000263c0       __msize_dbg                020273c0 f   LIBCMTD:dbgheap.obj
 0001:000265b0       __CrtSetBreakAlloc         020275b0 f   LIBCMTD:dbgheap.obj
 0001:000265d0       __CrtSetDbgBlockType       020275d0 f   LIBCMTD:dbgheap.obj
 0001:000266c0       __CrtSetAllocHook          020276c0 f   LIBCMTD:dbgheap.obj
 0001:000266e0       __CrtGetAllocHook          020276e0 f   LIBCMTD:dbgheap.obj
 0001:00026740       __CrtCheckMemory           02027740 f   LIBCMTD:dbgheap.obj
 0001:00026ac0       __CrtSetDbgFlag            02027ac0 f   LIBCMTD:dbgheap.obj
 0001:00026c10       __CrtDoForAllClientObjects 02027c10 f   LIBCMTD:dbgheap.obj
 0001:00026d30       __CrtIsValidPointer        02027d30 f   LIBCMTD:dbgheap.obj
 0001:00026d40       __CrtIsValidHeapPointer    02027d40 f   LIBCMTD:dbgheap.obj
 0001:00026e30       __invoke_watson_if_error   02027e30 f i LIBCMTD:dbgheap.obj
 0001:00026e60       __CrtIsMemoryBlock         02027e60 f   LIBCMTD:dbgheap.obj
 0001:00026fd0       __CrtReportBlockType       02027fd0 f   LIBCMTD:dbgheap.obj
 0001:00027000       __CrtSetDumpClient         02028000 f   LIBCMTD:dbgheap.obj
 0001:00027020       __CrtGetDumpClient         02028020 f   LIBCMTD:dbgheap.obj
 0001:00027030       __CrtMemCheckpoint         02028030 f   LIBCMTD:dbgheap.obj
 0001:00027210       __CrtMemDifference         02028210 f   LIBCMTD:dbgheap.obj
 0001:00027430       __CrtMemDumpAllObjectsSince 02028430 f   LIBCMTD:dbgheap.obj
 0001:00027470       ??0_LocaleUpdate@@QAE@PAUlocaleinfo_struct@@@Z 02028470 f i LIBCMTD:dbgheap.obj
 0001:00027550       ??1_LocaleUpdate@@QAE@XZ   02028550 f i LIBCMTD:dbgheap.obj
 0001:00027580       ?GetLocaleT@_LocaleUpdate@@QAEPAUlocaleinfo_struct@@XZ 02028580 f i LIBCMTD:dbgheap.obj
 0001:00027a40       __invoke_watson_if_oneof   02028a40 f i LIBCMTD:dbgheap.obj
 0001:00027a80       __CrtDumpMemoryLeaks       02028a80 f   LIBCMTD:dbgheap.obj
 0001:00027af0       __CrtMemDumpStatistics     02028af0 f   LIBCMTD:dbgheap.obj
 0001:00027c00       __aligned_malloc           02028c00 f   LIBCMTD:dbgheap.obj
 0001:00027c20       __aligned_malloc_dbg       02028c20 f   LIBCMTD:dbgheap.obj
 0001:00027c40       __aligned_realloc          02028c40 f   LIBCMTD:dbgheap.obj
 0001:00027c60       __aligned_recalloc         02028c60 f   LIBCMTD:dbgheap.obj
 0001:00027c90       __aligned_realloc_dbg      02028c90 f   LIBCMTD:dbgheap.obj
 0001:00027cc0       __aligned_recalloc_dbg     02028cc0 f   LIBCMTD:dbgheap.obj
 0001:00027cf0       __aligned_offset_malloc    02028cf0 f   LIBCMTD:dbgheap.obj
 0001:00027d10       __aligned_offset_malloc_dbg 02028d10 f   LIBCMTD:dbgheap.obj
 0001:00027eb0       __aligned_offset_realloc   02028eb0 f   LIBCMTD:dbgheap.obj
 0001:00027ee0       __aligned_offset_recalloc  02028ee0 f   LIBCMTD:dbgheap.obj
 0001:00027f10       __aligned_offset_realloc_dbg 02028f10 f   LIBCMTD:dbgheap.obj
 0001:000281e0       __aligned_offset_recalloc_dbg 020291e0 f   LIBCMTD:dbgheap.obj
 0001:00028290       __aligned_free             02029290 f   LIBCMTD:dbgheap.obj
 0001:000282b0       __aligned_free_dbg         020292b0 f   LIBCMTD:dbgheap.obj
 0001:00028360       __CrtSetDebugFillThreshold 02029360 f   LIBCMTD:dbgheap.obj
 0001:00028380       __CrtSetCheckCount         02029380 f   LIBCMTD:dbgheap.obj
 0001:000283a0       __CrtGetCheckCount         020293a0 f   LIBCMTD:dbgheap.obj
 0001:000283b0       _strerror                  020293b0 f   LIBCMTD:strerror.obj
 0001:00028450       __get_sys_err_msg          02029450 f i LIBCMTD:strerror.obj
 0001:00028490       _strerror_s                02029490 f   LIBCMTD:strerror.obj
 0001:000285c0       _ungetc                    020295c0 f   LIBCMTD:ungetc.obj
 0001:000286b0       __ungetc_nolock            020296b0 f   LIBCMTD:ungetc.obj
 0001:00028920       _strstr                    02029920 f   LIBCMTD:strstr.obj
 0001:000289b0       ___iob_func                020299b0 f   LIBCMTD:_file.obj
 0001:000289c0       ___initstdio               020299c0 f   LIBCMTD:_file.obj
 0001:00028b10       ___endstdio                02029b10 f   LIBCMTD:_file.obj
 0001:00028b40       __lock_file                02029b40 f   LIBCMTD:_file.obj
 0001:00028b80       __lock_file2               02029b80 f   LIBCMTD:_file.obj
 0001:00028bb0       __unlock_file              02029bb0 f   LIBCMTD:_file.obj
 0001:00028bf0       __unlock_file2             02029bf0 f   LIBCMTD:_file.obj
 0001:00028c30       _strchr                    02029c30 f   LIBCMTD:strchr.obj
 0001:00028c36       ___from_strstr_to_strchr   02029c36     LIBCMTD:strchr.obj
 0001:00028cf0       __dosmaperr                02029cf0 f   LIBCMTD:dosmap.obj
 0001:00028d20       __get_errno_from_oserr     02029d20 f   LIBCMTD:dosmap.obj
 0001:00028da0       __set_errno                02029da0 f   LIBCMTD:dosmap.obj
 0001:00028dd0       __get_errno                02029dd0 f   LIBCMTD:dosmap.obj
 0001:00028e50       __set_doserrno             02029e50 f   LIBCMTD:dosmap.obj
 0001:00028e80       __get_doserrno             02029e80 f   LIBCMTD:dosmap.obj
 0001:00028f00       __errno                    02029f00 f   LIBCMTD:dosmap.obj
 0001:00028f30       ___doserrno                02029f30 f   LIBCMTD:dosmap.obj
 0001:00028f60       __fsopen                   02029f60 f   LIBCMTD:fopen.obj
 0001:00029170       _fopen                     0202a170 f   LIBCMTD:fopen.obj
 0001:00029190       _fopen_s                   0202a190 f   LIBCMTD:fopen.obj
 0001:00029230       _fread_s                   0202a230 f   LIBCMTD:fread.obj
 0001:00029440       __fread_nolock_s           0202a440 f   LIBCMTD:fread.obj
 0001:00029880       _fread                     0202a880 f   LIBCMTD:fread.obj
 0001:000298a0       __fread_nolock             0202a8a0 f   LIBCMTD:fread.obj
 0001:000298c0       _fprintf                   0202a8c0 f   LIBCMTD:fprintf.obj
 0001:00029bb0       __fprintf_l                0202abb0 f   LIBCMTD:fprintf.obj
 0001:00029be0       __fprintf_s_l              0202abe0 f   LIBCMTD:fprintf.obj
 0001:00029c10       _fprintf_s                 0202ac10 f   LIBCMTD:fprintf.obj
 0001:00029c40       __fprintf_p_l              0202ac40 f   LIBCMTD:fprintf.obj
 0001:00029c70       __fprintf_p                0202ac70 f   LIBCMTD:fprintf.obj
 0001:00029ca0       __freopen_helper           0202aca0 f   LIBCMTD:freopen.obj
 0001:00029f50       _freopen                   0202af50 f   LIBCMTD:freopen.obj
 0001:00029f80       _freopen_s                 0202af80 f   LIBCMTD:freopen.obj
 0001:00029fb0       _fclose                    0202afb0 f   LIBCMTD:fclose.obj
 0001:0002a0c0       __fclose_nolock            0202b0c0 f   LIBCMTD:fclose.obj
 0001:0002a1c0       _fgetc                     0202b1c0 f   LIBCMTD:fgetc.obj
 0001:0002a450       _getc                      0202b450 f   LIBCMTD:fgetc.obj
 0001:0002a6e0       __getc_nolock              0202b6e0 f   LIBCMTD:fgetc.obj
 0001:0002a740       __strtod_l                 0202b740 f   LIBCMTD:strtod.obj
 0001:0002a930       _strtod                    0202b930 f   LIBCMTD:strtod.obj
 0001:0002a950       _strncat                   0202b950 f   LIBCMTD:strncat.obj
 0001:0002aa90       __isalpha_l                0202ba90 f i LIBCMTD:_ctype.obj
 0001:0002ab20       _isalpha                   0202bb20 f i LIBCMTD:_ctype.obj
 0001:0002ab60       __isupper_l                0202bb60 f i LIBCMTD:_ctype.obj
 0001:0002abe0       _isupper                   0202bbe0 f i LIBCMTD:_ctype.obj
 0001:0002ac10       __islower_l                0202bc10 f i LIBCMTD:_ctype.obj
 0001:0002ac90       _islower                   0202bc90 f i LIBCMTD:_ctype.obj
 0001:0002acc0       __isdigit_l                0202bcc0 f i LIBCMTD:_ctype.obj
 0001:0002ad40       _isdigit                   0202bd40 f i LIBCMTD:_ctype.obj
 0001:0002ad70       __isxdigit_l               0202bd70 f i LIBCMTD:_ctype.obj
 0001:0002ae00       _isxdigit                  0202be00 f i LIBCMTD:_ctype.obj
 0001:0002ae40       __isspace_l                0202be40 f i LIBCMTD:_ctype.obj
 0001:0002aec0       _isspace                   0202bec0 f i LIBCMTD:_ctype.obj
 0001:0002aef0       __ispunct_l                0202bef0 f i LIBCMTD:_ctype.obj
 0001:0002af70       _ispunct                   0202bf70 f i LIBCMTD:_ctype.obj
 0001:0002afa0       __isalnum_l                0202bfa0 f i LIBCMTD:_ctype.obj
 0001:0002b030       _isalnum                   0202c030 f i LIBCMTD:_ctype.obj
 0001:0002b070       __isprint_l                0202c070 f i LIBCMTD:_ctype.obj
 0001:0002b100       _isprint                   0202c100 f i LIBCMTD:_ctype.obj
 0001:0002b140       __isgraph_l                0202c140 f i LIBCMTD:_ctype.obj
 0001:0002b1d0       _isgraph                   0202c1d0 f i LIBCMTD:_ctype.obj
 0001:0002b210       __iscntrl_l                0202c210 f i LIBCMTD:_ctype.obj
 0001:0002b290       _iscntrl                   0202c290 f i LIBCMTD:_ctype.obj
 0001:0002b2c0       ___isascii                 0202c2c0 f i LIBCMTD:_ctype.obj
 0001:0002b2d0       ___toascii                 0202c2d0 f i LIBCMTD:_ctype.obj
 0001:0002b2e0       __iscsymf_l                0202c2e0 f i LIBCMTD:_ctype.obj
 0001:0002b320       ___iscsymf                 0202c320 f i LIBCMTD:_ctype.obj
 0001:0002b360       __iscsym_l                 0202c360 f i LIBCMTD:_ctype.obj
 0001:0002b3a0       ___iscsym                  0202c3a0 f i LIBCMTD:_ctype.obj
 0001:0002b3e0       _strncpy                   0202c3e0 f   LIBCMTD:strncpy.obj
 0001:0002b510       _strcspn                   0202c510 f   LIBCMTD:strcspn.obj
 0001:0002b560       _strtol                    0202c560 f   LIBCMTD:strtol.obj
 0001:0002ba90       __strtol_l                 0202ca90 f   LIBCMTD:strtol.obj
 0001:0002bab0       _strtoul                   0202cab0 f   LIBCMTD:strtol.obj
 0001:0002bb00       __strtoul_l                0202cb00 f   LIBCMTD:strtol.obj
 0001:0002bb20       __strcoll_l                0202cb20 f   LIBCMTD:strcoll.obj
 0001:0002bcd0       _strcoll                   0202ccd0 f   LIBCMTD:strcoll.obj
 0001:0002bcf0       ?name@type_info@@QBEPBDPAU__type_info_node@@@Z 0202ccf0 f   LIBCMTD:typinfo.obj
 0001:0002bd10       ??1type_info@@UAE@XZ       0202cd10 f   LIBCMTD:typinfo.obj
 0001:0002bd30       ??_Etype_info@@UAEPAXI@Z   0202cd30 f i LIBCMTD:typinfo.obj
 0001:0002bd30       ??_Gtype_info@@UAEPAXI@Z   0202cd30 f i LIBCMTD:typinfo.obj
 0001:0002bd60       ?_name_internal_method@type_info@@QBEPBDPAU__type_info_node@@@Z 0202cd60 f   LIBCMTD:typinfo.obj
 0001:0002bd80       ?_type_info_dtor_internal_method@type_info@@QAEXXZ 0202cd80 f   LIBCMTD:typinfo.obj
 0001:0002bda0       ??8type_info@@QBE_NABV0@@Z 0202cda0 f   LIBCMTD:typinfo.obj
 0001:0002bdd0       ??9type_info@@QBE_NABV0@@Z 0202cdd0 f   LIBCMTD:typinfo.obj
 0001:0002be00       ?before@type_info@@QBEHABV1@@Z 0202ce00 f   LIBCMTD:typinfo.obj
 0001:0002be30       ?raw_name@type_info@@QBEPBDXZ 0202ce30 f   LIBCMTD:typinfo.obj
 0001:0002be50       ??0type_info@@AAE@ABV0@@Z  0202ce50 f   LIBCMTD:typinfo.obj
 0001:0002be70       ??4type_info@@AAEAAV0@ABV0@@Z 0202ce70 f   LIBCMTD:typinfo.obj
 0001:0002be80       _fputs                     0202ce80 f   LIBCMTD:fputs.obj
 0001:0002c160       _fgets                     0202d160 f   LIBCMTD:fgets.obj
 0001:0002c530       _ceil                      0202d530 f   LIBCMTD:ceil_pentium4.obj
 0001:0002c570       __ceil_pentium4            0202d570 f   LIBCMTD:ceil_pentium4.obj
 0001:0002c650       _modf                      0202d650 f   LIBCMTD:modf_pentium4.obj
 0001:0002c690       __modf_pentium4            0202d690 f   LIBCMTD:modf_pentium4.obj
 0001:0002c7a0       _ldexp                     0202d7a0 f   LIBCMTD:ldexp.obj
 0001:0002ca60       _srand                     0202da60 f   LIBCMTD:rand.obj
 0001:0002ca70       _rand                      0202da70 f   LIBCMTD:rand.obj
 0001:0002cab0       _frexp                     0202dab0 f   LIBCMTD:frexp.obj
 0001:0002cc10       _memchr                    0202dc10 f   LIBCMTD:memchr.obj
 0001:0002ccc0       __tolower                  0202dcc0 f   LIBCMTD:tolower.obj
 0001:0002ccd0       __tolower_l                0202dcd0 f   LIBCMTD:tolower.obj
 0001:0002ceb0       _tolower                   0202deb0 f   LIBCMTD:tolower.obj
 0001:0002cf00       __toupper                  0202df00 f   LIBCMTD:toupper.obj
 0001:0002cf10       __toupper_l                0202df10 f   LIBCMTD:toupper.obj
 0001:0002d0f0       _toupper                   0202e0f0 f   LIBCMTD:toupper.obj
 0001:0002d140       _strpbrk                   0202e140 f   LIBCMTD:strpbrk.obj
 0001:0002d180       _vfscanf                   0202e180 f   LIBCMTD:fscanf.obj
 0001:0002d440       _fscanf                    0202e440 f   LIBCMTD:fscanf.obj
 0001:0002d470       __fscanf_l                 0202e470 f   LIBCMTD:fscanf.obj
 0001:0002d4a0       _fscanf_s                  0202e4a0 f   LIBCMTD:fscanf.obj
 0001:0002d4d0       __fscanf_s_l               0202e4d0 f   LIBCMTD:fscanf.obj
 0001:0002d500       __tmpnam_helper            0202e500 f   LIBCMTD:tmpfile.obj
 0001:0002d790       _tmpnam_s                  0202e790 f   LIBCMTD:tmpfile.obj
 0001:0002d820       _tmpnam                    0202e820 f   LIBCMTD:tmpfile.obj
 0001:0002d850       __tmpfile_helper           0202e850 f   LIBCMTD:tmpfile.obj
 0001:0002db20       _tmpfile                   0202eb20 f   LIBCMTD:tmpfile.obj
 0001:0002db40       _tmpfile_s                 0202eb40 f   LIBCMTD:tmpfile.obj
 0001:0002dd90       ___inc_tmpoff              0202ed90 f   LIBCMTD:tmpfile.obj
 0001:0002ddb0       __popen                    0202edb0 f   LIBCMTD:popen.obj
 0001:0002e950       __pclose                   0202f950 f   LIBCMTD:popen.obj
 0001:0002ebb0       _fflush                    0202fbb0 f   LIBCMTD:fflush.obj
 0001:0002ec50       __fflush_nolock            0202fc50 f   LIBCMTD:fflush.obj
 0001:0002ecb0       __flush                    0202fcb0 f   LIBCMTD:fflush.obj
 0001:0002ed70       __flushall                 0202fd70 f   LIBCMTD:fflush.obj
 0001:0002ef20       _setvbuf                   0202ff20 f   LIBCMTD:setvbuf.obj
 0001:0002f1f0       _fwrite                    020301f0 f   LIBCMTD:fwrite.obj
 0001:0002f360       __fwrite_nolock            02030360 f   LIBCMTD:fwrite.obj
 0001:0002f5f0       _ftell                     020305f0 f   LIBCMTD:ftell.obj
 0001:0002f6e0       __ftell_nolock             020306e0 f   LIBCMTD:ftell.obj
 0001:0002f9b0       _fseek                     020309b0 f   LIBCMTD:fseek.obj
 0001:0002fb20       __fseek_nolock             02030b20 f   LIBCMTD:fseek.obj
 0001:0002fc00       _clearerr_s                02030c00 f   LIBCMTD:clearerr.obj
 0001:0002fd50       _clearerr                  02030d50 f   LIBCMTD:clearerr.obj
 0001:0002fd70       _rename                    02030d70 f   LIBCMTD:rename.obj
 0001:0002fdc0       __mktime64                 02030dc0 f   LIBCMTD:mktime64.obj
 0001:0002fde0       __mkgmtime64               02030de0 f   LIBCMTD:mktime64.obj
 0001:00030260       __gmtime64_s               02031260 f   LIBCMTD:gmtime64.obj
 0001:000306b0       __gmtime64                 020316b0 f   LIBCMTD:gmtime64.obj
 0001:000306f0       _system                    020316f0 f   LIBCMTD:system.obj
 0001:000308a0       _remove                    020318a0 f   LIBCMTD:unlink.obj
 0001:000308f0       __unlink                   020318f0 f   LIBCMTD:unlink.obj
 0001:00030910       _clock                     02031910 f   LIBCMTD:clock.obj
 0001:00030970       ___inittime                02031970 f   LIBCMTD:clock.obj
 0001:000309b0       __Getdays_l                020319b0 f   LIBCMTD:strftime.obj
 0001:00030b70       __Getdays                  02031b70 f   LIBCMTD:strftime.obj
 0001:00030b80       __Getmonths_l              02031b80 f   LIBCMTD:strftime.obj
 0001:00030d40       __Getmonths                02031d40 f   LIBCMTD:strftime.obj
 0001:00030d50       __Gettnames_l              02031d50 f   LIBCMTD:strftime.obj
 0001:000312c0       __Gettnames                020322c0 f   LIBCMTD:strftime.obj
 0001:000312d0       __strftime_l               020322d0 f   LIBCMTD:strftime.obj
 0001:00031300       _strftime                  02032300 f   LIBCMTD:strftime.obj
 0001:00031330       __Strftime                 02032330 f   LIBCMTD:strftime.obj
 0001:00031360       __Strftime_l               02032360 f   LIBCMTD:strftime.obj
 0001:00033480       __MarkAllocaS              02034480 f i LIBCMTD:strftime.obj
 0001:000334a0       __freea                    020344a0 f i LIBCMTD:strftime.obj
 0001:00033510       ____setlc_active_func      02034510 f   LIBCMTD:setlocal.obj
 0001:00033520       ____unguarded_readlc_active_add_func 02034520 f   LIBCMTD:setlocal.obj
 0001:00033530       ___freetlocinfo            02034530 f   LIBCMTD:setlocal.obj
 0001:00033810       ___addlocaleref            02034810 f   LIBCMTD:setlocal.obj
 0001:00033930       ___removelocaleref         02034930 f   LIBCMTD:setlocal.obj
 0001:00033a60       ___updatetlocinfo          02034a60 f   LIBCMTD:setlocal.obj
 0001:00033bb0       __configthreadlocale       02034bb0 f   LIBCMTD:setlocal.obj
 0001:00033cc0       __locterm                  02034cc0 f   LIBCMTD:setlocal.obj
 0001:00033d50       __free_locale              02034d50 f   LIBCMTD:setlocal.obj
 0001:00033e60       ___free_locale             02034e60 f   LIBCMTD:setlocal.obj
 0001:00033e80       __create_locale            02034e80 f   LIBCMTD:setlocal.obj
 0001:000340a0       ___create_locale           020350a0 f   LIBCMTD:setlocal.obj
 0001:000340c0       __get_current_locale       020350c0 f   LIBCMTD:setlocal.obj
 0001:000341b0       ___get_current_locale      020351b0 f   LIBCMTD:setlocal.obj
 0001:000341c0       _setlocale                 020351c0 f   LIBCMTD:setlocal.obj
 0001:000350d0       __expandlocale             020360d0 f   LIBCMTD:setlocal.obj
 0001:00035380       ___init_dummy              02036380 f   LIBCMTD:setlocal.obj
 0001:00035390       __strcats                  02036390 f   LIBCMTD:setlocal.obj
 0001:00035410       ___lc_strtolc              02036410 f   LIBCMTD:setlocal.obj
 0001:00035610       ___lc_lctostr              02036610 f   LIBCMTD:setlocal.obj
 0001:000356a0       __localtime64_s            020366a0 f   LIBCMTD:loctim64.obj
 0001:00035bc0       __localtime64              02036bc0 f   LIBCMTD:loctim64.obj
 0001:00035c00       _getenv                    02036c00 f   LIBCMTD:getenv.obj
 0001:00035d50       __getenv_helper_nolock     02036d50 f   LIBCMTD:getenv.obj
 0001:00035e70       _getenv_s                  02036e70 f   LIBCMTD:getenv.obj
 0001:000360a0       __dupenv_s                 020370a0 f   LIBCMTD:getenv.obj
 0001:000360c0       __dupenv_s_dbg             020370c0 f   LIBCMTD:getenv.obj
 0001:00036310       __difftime64               02037310 f   LIBCMTD:difftm64.obj
 0001:00036360       __time64                   02037360 f   LIBCMTD:time64.obj
 0001:000363c0       __cinit                    020373c0 f   LIBCMTD:crt0dat.obj
 0001:00036460       _exit                      02037460 f   LIBCMTD:crt0dat.obj
 0001:00036480       __exit                     02037480 f   LIBCMTD:crt0dat.obj
 0001:000364a0       __cexit                    020374a0 f   LIBCMTD:crt0dat.obj
 0001:000364c0       __c_exit                   020374c0 f   LIBCMTD:crt0dat.obj
 0001:000364e0       __amsg_exit                020374e0 f   LIBCMTD:crt0dat.obj
 0001:00036520       ___freeCrtMemory           02037520 f   LIBCMTD:crt0dat.obj
 0001:000367c0       ___crtCorExitProcess       020377c0 f   LIBCMTD:crt0dat.obj
 0001:00036800       ___crtExitProcess          02037800 f   LIBCMTD:crt0dat.obj
 0001:00036820       __lockexit                 02037820 f   LIBCMTD:crt0dat.obj
 0001:00036830       __unlockexit               02037830 f   LIBCMTD:crt0dat.obj
 0001:00036840       __init_pointers            02037840 f   LIBCMTD:crt0dat.obj
 0001:00036900       __initterm_e               02037900 f   LIBCMTD:crt0dat.obj
 0001:00036940       __get_osplatform           02037940 f   LIBCMTD:crt0dat.obj
 0001:00036a30       __get_osver                02037a30 f   LIBCMTD:crt0dat.obj
 0001:00036b20       __get_winver               02037b20 f   LIBCMTD:crt0dat.obj
 0001:00036c10       __get_winmajor             02037c10 f   LIBCMTD:crt0dat.obj
 0001:00036d00       __get_winminor             02037d00 f   LIBCMTD:crt0dat.obj
 0001:00036df0       __get_wpgmptr              02037df0 f   LIBCMTD:crt0dat.obj
 0001:00036ee0       __get_pgmptr               02037ee0 f   LIBCMTD:crt0dat.obj
 0001:00036fd0       _strrchr                   02037fd0 f   LIBCMTD:strrchr.obj
 0001:00037000       _localeconv                02038000 f   LIBCMTD:lconv.obj
 0001:00037050       __RTC_NumErrors            02038050 f   LIBCMTD:userapi.obj
 0001:00037060       __RTC_GetErrDesc           02038060 f   LIBCMTD:userapi.obj
 0001:00037080       __RTC_SetErrorType         02038080 f   LIBCMTD:userapi.obj
 0001:000370b0       __RTC_SetErrorFunc         020380b0 f   LIBCMTD:userapi.obj
 0001:000370d0       __RTC_SetErrorFuncW        020380d0 f   LIBCMTD:userapi.obj
 0001:000370f0       ?_RTC_GetErrorFunc@@YAP6AHHPBDH00ZZPBX@Z 020380f0 f   LIBCMTD:userapi.obj
 0001:00037100       ?_RTC_GetErrorFuncW@@YAP6AHHPB_WH00ZZPBX@Z 02038100 f   LIBCMTD:userapi.obj
 0001:00037110       __chkesp                   02038110 f   LIBCMTD:chkesp.obj
 0001:00037150       __CRT_RTC_INIT             02038150 f   LIBCMTD:chkesp.obj
 0001:00037160       __CRT_RTC_INITW            02038160 f   LIBCMTD:chkesp.obj
 0001:00037170       __flsbuf                   02038170 f   LIBCMTD:_flsbuf.obj
 0001:00037430       __output_l                 02038430 f   LIBCMTD:output.obj
 0001:000388a0       _get_int_arg               020398a0 f i LIBCMTD:output.obj
 0001:000388c0       _get_int64_arg             020398c0 f i LIBCMTD:output.obj
 0001:000388e0       _get_short_arg             020398e0 f i LIBCMTD:output.obj
 0001:00038900       __initp_misc_invarg        02039900 f   LIBCMTD:invarg.obj
 0001:00038910       __invalid_parameter        02039910 f   LIBCMTD:invarg.obj
 0001:00038980       __invoke_watson            02039980 f   LIBCMTD:invarg.obj
 0001:00038ac0       __set_invalid_parameter_handler 02039ac0 f   LIBCMTD:invarg.obj
 0001:00038b00       __get_invalid_parameter_handler 02039b00 f   LIBCMTD:invarg.obj
 0001:00038b30       ?_invalid_parameter@@YAXPBG00II@Z 02039b30 f   LIBCMTD:invarg.obj
 0001:00038b60       ?_invoke_watson@@YAXPBG00II@Z 02039b60 f   LIBCMTD:invarg.obj
 0001:00038b90       __CrtSetReportHookW2       02039b90 f   LIBCMTD:dbgrptw.obj
 0001:00038eb0       __CrtDbgReportW            02039eb0 f   LIBCMTD:dbgrptw.obj
 0001:00038ef0       __CrtDbgReportWV           02039ef0 f i LIBCMTD:dbgrptw.obj
 0001:00039230       ___crtMessageWindowW       0203a230 f   LIBCMTD:dbgrptw.obj
 0001:00039630       ?_CrtDbgReportW@@YAHHPBGH00ZZ 0203a630 f   LIBCMTD:dbgrptw.obj
 0001:00039670       __vsprintf_l               0203a670 f   LIBCMTD:vsprintf.obj
 0001:000397e0       _vsprintf                  0203a7e0 f   LIBCMTD:vsprintf.obj
 0001:00039800       __vscprintf_helper         0203a800 f   LIBCMTD:vsprintf.obj
 0001:000398c0       __vscprintf                0203a8c0 f   LIBCMTD:vsprintf.obj
 0001:000398e0       __vscprintf_l              0203a8e0 f   LIBCMTD:vsprintf.obj
 0001:00039900       __vscprintf_p              0203a900 f   LIBCMTD:vsprintf.obj
 0001:00039920       __vscprintf_p_l            0203a920 f   LIBCMTD:vsprintf.obj
 0001:00039940       __vsnprintf_helper         0203a940 f   LIBCMTD:vsnprnc.obj
 0001:00039b10       __vsnprintf_c              0203ab10 f   LIBCMTD:vsnprnc.obj
 0001:00039b60       __vsnprintf_c_l            0203ab60 f   LIBCMTD:vsnprnc.obj
 0001:00039bb0       __vsprintf_s_l             0203abb0 f   LIBCMTD:vsnprnc.obj
 0001:00039e10       _vsprintf_s                0203ae10 f   LIBCMTD:vsnprnc.obj
 0001:00039e30       __vsnprintf_s_l            0203ae30 f   LIBCMTD:vsnprnc.obj
 0001:0003a1d0       __vsnprintf_s              0203b1d0 f   LIBCMTD:vsnprnc.obj
 0001:0003a200       __vsprintf_p               0203b200 f   LIBCMTD:vsnprnc.obj
 0001:0003a250       __vsprintf_p_l             0203b250 f   LIBCMTD:vsnprnc.obj
 0001:0003a2a0       ___report_gsfailure        0203b2a0 f   LIBCMTD:gs_report.obj
 0001:0003a3b0       __except_handler4          0203b3b0 f   LIBCMTD:chandler4.obj
 0001:0003a5d0       ?_RTC_GetSrcLine@@YAHPAEPA_WKPAH1K@Z 0203b5d0 f   LIBCMTD:pdblkup.obj
 0001:0003aa60       __setdefaultprecision      0203ba60 f   LIBCMTD:fp8.obj
 0001:0003aaa0       __ms_p5_test_fdiv          0203baa0 f   LIBCMTD:testfdiv.obj
 0001:0003aaf0       __ms_p5_mp_test_fdiv       0203baf0 f   LIBCMTD:testfdiv.obj
 0001:0003ab40       __forcdecpt                0203bb40 f   LIBCMTD:cvt.obj
 0001:0003ab60       __forcdecpt_l              0203bb60 f   LIBCMTD:cvt.obj
 0001:0003ac20       __cropzeros                0203bc20 f   LIBCMTD:cvt.obj
 0001:0003ac40       __cropzeros_l              0203bc40 f   LIBCMTD:cvt.obj
 0001:0003ad50       __positive                 0203bd50 f   LIBCMTD:cvt.obj
 0001:0003ad80       __fassign_l                0203bd80 f   LIBCMTD:cvt.obj
 0001:0003add0       __fassign                  0203bdd0 f   LIBCMTD:cvt.obj
 0001:0003adf0       __cftoe_l                  0203bdf0 f   LIBCMTD:cvt.obj
 0001:0003b340       __cftoe                    0203c340 f   LIBCMTD:cvt.obj
 0001:0003b370       __cftoa_l                  0203c370 f   LIBCMTD:cvt.obj
 0001:0003bb40       __cftoa                    0203cb40 f   LIBCMTD:cvt.obj
 0001:0003bb70       __cftof_l                  0203cb70 f   LIBCMTD:cvt.obj
 0001:0003bf80       __cftof                    0203cf80 f   LIBCMTD:cvt.obj
 0001:0003bfa0       __cftog_l                  0203cfa0 f   LIBCMTD:cvt.obj
 0001:0003c1d0       __cftog                    0203d1d0 f   LIBCMTD:cvt.obj
 0001:0003c200       __cfltcvt_l                0203d200 f   LIBCMTD:cvt.obj
 0001:0003c2c0       __cfltcvt                  0203d2c0 f   LIBCMTD:cvt.obj
 0001:0003c320       __initp_misc_cfltcvt_tab   0203d320 f   LIBCMTD:cmiscdat.obj
 0001:0003c360       __sse2_mathfcns_init       0203d360 f   LIBCMTD:mathfcns.obj
 0001:0003c380       __set_SSE2_enable          0203d380 f   LIBCMTD:mathfcns.obj
 0001:0003c3a0       _memset                    0203d3a0 f   LIBCMTD:memset.obj
 0001:0003c420       __VEC_memcpy               0203d420 f   LIBCMTD:p4_memcpy.obj
 0001:0003c5a0       __encode_pointer           0203d5a0 f   LIBCMTD:tidtable.obj
 0001:0003c630       __encoded_null             0203d630 f   LIBCMTD:tidtable.obj
 0001:0003c640       __decode_pointer           0203d640 f   LIBCMTD:tidtable.obj
 0001:0003c6d0       ___crtTlsAlloc@4           0203d6d0 f   LIBCMTD:tidtable.obj
 0001:0003c6e0       ___fls_getvalue@4          0203d6e0 f   LIBCMTD:tidtable.obj
 0001:0003c700       ___get_flsindex            0203d700 f   LIBCMTD:tidtable.obj
 0001:0003c710       ___set_flsgetvalue         0203d710 f   LIBCMTD:tidtable.obj
 0001:0003c750       ___fls_setvalue@8          0203d750 f   LIBCMTD:tidtable.obj
 0001:0003c770       __mtinit                   0203d770 f   LIBCMTD:tidtable.obj
 0001:0003c980       __mtterm                   0203d980 f   LIBCMTD:tidtable.obj
 0001:0003c9e0       __initptd                  0203d9e0 f   LIBCMTD:tidtable.obj
 0001:0003cb10       __getptd_noexit            0203db10 f   LIBCMTD:tidtable.obj
 0001:0003cbd0       __getptd                   0203dbd0 f   LIBCMTD:tidtable.obj
 0001:0003cc00       __freefls@4                0203dc00 f   LIBCMTD:tidtable.obj
 0001:0003cdf0       __freeptd                  0203ddf0 f   LIBCMTD:tidtable.obj
 0001:0003ce70       ___threadid                0203de70 f   LIBCMTD:tidtable.obj
 0001:0003ce80       ___threadhandle            0203de80 f   LIBCMTD:tidtable.obj
 0001:0003ce90       __ioinit                   0203de90 f   LIBCMTD:ioinit.obj
 0001:0003d310       __ioterm                   0203e310 f   LIBCMTD:ioinit.obj
 0001:0003d3b0       __setenvp                  0203e3b0 f   LIBCMTD:stdenvp.obj
 0001:0003d550       __setargv                  0203e550 f   LIBCMTD:stdargv.obj
 0001:0003d670       __set_pgmptr               0203e670 f i LIBCMTD:stdargv.obj
 0001:0003d9e0       ___crtGetEnvironmentStringsA 0203e9e0 f   LIBCMTD:a_env.obj
 0001:0003dc00       __RTC_Initialize           0203ec00 f   LIBCMTD:initsect.obj
 0001:0003dc30       __RTC_Terminate            0203ec30 f   LIBCMTD:initsect.obj
 0001:0003dc60       ___heap_select             0203ec60 f   LIBCMTD:heapinit.obj
 0001:0003dcf0       __heap_init                0203ecf0 f   LIBCMTD:heapinit.obj
 0001:0003dd70       __heap_term                0203ed70 f   LIBCMTD:heapinit.obj
 0001:0003de10       __get_heap_handle          0203ee10 f   LIBCMTD:heapinit.obj
 0001:0003de50       ___security_init_cookie    0203ee50 f   LIBCMTD:gs_support.obj
 0001:0003df70       __initp_misc_winxfltr      0203ef70 f   LIBCMTD:winxfltr.obj
 0001:0003df80       ___CppXcptFilter           0203ef80 f   LIBCMTD:winxfltr.obj
 0001:0003dfb0       __XcptFilter               0203efb0 f   LIBCMTD:winxfltr.obj
 0001:0003e1f0       __initp_heap_handler       0203f1f0 f   LIBCMTD:handler.obj
 0001:0003e200       ?_set_new_handler@@YAP6AHI@ZP6AHI@Z@Z 0203f200 f   LIBCMTD:handler.obj
 0001:0003e250       ?_set_new_handler@@YAP6AHI@ZH@Z 0203f250 f   LIBCMTD:handler.obj
 0001:0003e290       ?_query_new_handler@@YAP6AHI@ZXZ 0203f290 f   LIBCMTD:handler.obj
 0001:0003e2b0       __callnewh                 0203f2b0 f   LIBCMTD:handler.obj
 0001:0003e2f0       __mtinitlocks              0203f2f0 f   LIBCMTD:mlock.obj
 0001:0003e380       __mtdeletelocks            0203f380 f   LIBCMTD:mlock.obj
 0001:0003e440       __mtinitlocknum            0203f440 f   LIBCMTD:mlock.obj
 0001:0003e590       __lock                     0203f590 f   LIBCMTD:mlock.obj
 0001:0003e5d0       __unlock                   0203f5d0 f   LIBCMTD:mlock.obj
 0001:0003e5f0       __lockerr_exit             0203f5f0 f   LIBCMTD:mlock.obj
 0001:0003e610       _V6_HeapAlloc              0203f610 f   LIBCMTD:malloc.obj
 0001:0003e6a0       __malloc_base              0203f6a0 f   LIBCMTD:malloc.obj
 0001:0003e730       __heap_alloc_base          0203f730 f i LIBCMTD:malloc.obj
 0001:0003e7f0       __CrtSetReportHook2        0203f7f0 f   LIBCMTD:dbgrpt.obj
 0001:0003eb10       __CrtDbgReport             0203fb10 f   LIBCMTD:dbgrpt.obj
 0001:0003eb50       __CrtDbgReportV            0203fb50 f i LIBCMTD:dbgrpt.obj
 0001:0003eb80       ___crtMessageWindowA       0203fb80 f   LIBCMTD:dbgrpt.obj
 0001:0003ef80       __CrtDefaultAllocHook      0203ff80 f   LIBCMTD:dbghook.obj
 0001:0003ef90       __crt_debugger_hook        0203ff90 f   LIBCMTD:dbghook.obj
 0001:0003efa0       __expand_base              0203ffa0 f   LIBCMTD:expand.obj
 0001:0003f170       __realloc_base             02040170 f   LIBCMTD:realloc.obj
 0001:0003f510       __recalloc_base            02040510 f   LIBCMTD:realloc.obj
 0001:0003f5b0       __free_base                020405b0 f   LIBCMTD:free.obj
 0001:0003f6d0       __heapchk                  020406d0 f   LIBCMTD:heapchk.obj
 0001:0003f7a0       __heapset                  020407a0 f   LIBCMTD:heapchk.obj
 0001:0003f7b0       __get_sbh_threshold        020407b0 f   LIBCMTD:sbheap.obj
 0001:0003f800       __set_sbh_threshold        02040800 f   LIBCMTD:sbheap.obj
 0001:0003f990       __set_amblksiz             02040990 f   LIBCMTD:sbheap.obj
 0001:0003fa90       __get_amblksiz             02040a90 f   LIBCMTD:sbheap.obj
 0001:0003fb80       ___sbh_heap_init           02040b80 f   LIBCMTD:sbheap.obj
 0001:0003fbf0       ___sbh_find_block          02040bf0 f   LIBCMTD:sbheap.obj
 0001:0003fc50       ___sbh_verify_block        02040c50 f   LIBCMTD:sbheap.obj
 0001:0003fcb0       ___sbh_free_block          02040cb0 f   LIBCMTD:sbheap.obj
 0001:00040270       ___sbh_alloc_block         02041270 f   LIBCMTD:sbheap.obj
 0001:00040790       ___sbh_alloc_new_region    02041790 f   LIBCMTD:sbheap.obj
 0001:000408a0       ___sbh_alloc_new_group     020418a0 f   LIBCMTD:sbheap.obj
 0001:00040a90       ___sbh_resize_block        02041a90 f   LIBCMTD:sbheap.obj
 0001:00041060       ___sbh_heapmin             02042060 f   LIBCMTD:sbheap.obj
 0001:00041190       ___sbh_heap_check          02042190 f   LIBCMTD:sbheap.obj
 0001:00041680       ___updatetmbcinfo          02042680 f   LIBCMTD:mbctype.obj
 0001:00041790       __setmbcp                  02042790 f   LIBCMTD:mbctype.obj
 0001:00041b30       __setmbcp_nolock           02042b30 f   LIBCMTD:mbctype.obj
 0001:000422f0       __getmbcp                  020432f0 f   LIBCMTD:mbctype.obj
 0001:00042360       ___initmbctable            02043360 f   LIBCMTD:mbctype.obj
 0001:00042390       __chvalidator              02043390 f   LIBCMTD:isctype.obj
 0001:000423e0       __chvalidator_l            020433e0 f   LIBCMTD:isctype.obj
 0001:00042490       __isctype_l                02043490 f   LIBCMTD:isctype.obj
 0001:000425a0       __isctype                  020435a0 f   LIBCMTD:isctype.obj
 0001:000425e0       ___sys_nerr                020435e0 f   LIBCMTD:syserr.obj
 0001:000425f0       ___sys_errlist             020435f0 f   LIBCMTD:syserr.obj
 0001:00042600       _strncpy_s                 02043600 f   LIBCMTD:strncpy_s.obj
 0001:000429f0       __getbuf                   020439f0 f   LIBCMTD:_getbuf.obj
 0001:00042ab0       __fileno                   02043ab0 f   LIBCMTD:fileno.obj
 0001:00042b20       __fcloseall                02043b20 f   LIBCMTD:closeall.obj
 0001:00042c50       __openfile                 02043c50 f   LIBCMTD:_open.obj
 0001:00043350       __getstream                02044350 f   LIBCMTD:stream.obj
 0001:00043580       __local_unwind4            02044580 f   LIBCMTD:exsup4.obj
 0001:00043656       __seh_longjmp_unwind4@4    02044656 f   LIBCMTD:exsup4.obj
 0001:00043672       @_EH4_CallFilterFunc@8     02044672 f   LIBCMTD:exsup4.obj
 0001:00043689       @_EH4_TransferToHandler@8  02044689 f   LIBCMTD:exsup4.obj
 0001:000436a2       @_EH4_GlobalUnwind@4       020446a2 f   LIBCMTD:exsup4.obj
 0001:000436bc       @_EH4_LocalUnwind@16       020446bc f   LIBCMTD:exsup4.obj
 0001:000436e0       __filbuf                   020446e0 f   LIBCMTD:_filbuf.obj
 0001:00043930       __read                     02044930 f   LIBCMTD:read.obj
 0001:00043b50       __read_nolock              02044b50 f   LIBCMTD:read.obj
 0001:000449c0       _memcpy_s                  020459c0 f   LIBCMTD:memcpy_s.obj
 0001:00044b50       __stbuf                    02045b50 f   LIBCMTD:_sftbuf.obj
 0001:00044cb0       __ftbuf                    02045cb0 f   LIBCMTD:_sftbuf.obj
 0001:00044d40       _vfprintf_helper           02045d40 f   LIBCMTD:vfprintf.obj
 0001:00045020       __vfprintf_l               02046020 f   LIBCMTD:vfprintf.obj
 0001:00045050       __vfprintf_s_l             02046050 f   LIBCMTD:vfprintf.obj
 0001:00045080       __vfprintf_p_l             02046080 f   LIBCMTD:vfprintf.obj
 0001:000450b0       _vfprintf                  020460b0 f   LIBCMTD:vfprintf.obj
 0001:000450d0       _vfprintf_s                020460d0 f   LIBCMTD:vfprintf.obj
 0001:000450f0       __vfprintf_p               020460f0 f   LIBCMTD:vfprintf.obj
 0001:00045110       __close                    02046110 f   LIBCMTD:close.obj
 0001:00045320       __close_nolock             02046320 f   LIBCMTD:close.obj
 0001:000453f0       __freebuf                  020463f0 f   LIBCMTD:_freebuf.obj
 0001:00045480       __fltin2                   02046480 f   LIBCMTD:cfin.obj
 0001:00045560       ?_JumpToContinuation@@YGXPAXPAUEHRegistrationNode@@@Z 02046560 f   LIBCMTD:trnsctrl.obj
 0001:000455a0       ?_CallMemberFunction0@@YGXPAX0@Z 020465a0 f   LIBCMTD:trnsctrl.obj
 0001:000455b0       ?_CallMemberFunction1@@YGXPAX00@Z 020465b0 f   LIBCMTD:trnsctrl.obj
 0001:000455c0       ?_CallMemberFunction2@@YGXPAX00H@Z 020465c0 f   LIBCMTD:trnsctrl.obj
 0001:000455d0       ?_UnwindNestedFrames@@YGXPAUEHRegistrationNode@@PAUEHExceptionRecord@@@Z 020465d0 f   LIBCMTD:trnsctrl.obj
 0001:00045630       ___CxxFrameHandler         02046630 f   LIBCMTD:trnsctrl.obj
 0001:00045670       ___CxxFrameHandler3        02046670 f   LIBCMTD:trnsctrl.obj
 0001:000456b0       ___CxxFrameHandler2        020466b0 f   LIBCMTD:trnsctrl.obj
 0001:000456f0       ___CxxLongjmpUnwind@4      020466f0 f   LIBCMTD:trnsctrl.obj
 0001:00045720       ?_CallCatchBlock2@@YAPAXPAUEHRegistrationNode@@PBU_s_FuncInfo@@PAXHK@Z 02046720 f   LIBCMTD:trnsctrl.obj
 0001:000457e0       ?_CallSETranslator@@YAHPAUEHExceptionRecord@@PAUEHRegistrationNode@@PAX2PBU_s_FuncInfo@@H1@Z 020467e0 f   LIBCMTD:trnsctrl.obj
 0001:00045980       ?_GetRangeOfTrysToCheck@@YAPBU_s_TryBlockMapEntry@@PBU_s_FuncInfo@@HHPAI1@Z 02046980 f   LIBCMTD:trnsctrl.obj
 0001:00045a10       __CreateFrameInfo          02046a10 f   LIBCMTD:trnsctrl.obj
 0001:00045a40       __IsExceptionObjectToBeDestroyed 02046a40 f   LIBCMTD:trnsctrl.obj
 0001:00045a70       __FindAndUnlinkFrame       02046a70 f   LIBCMTD:trnsctrl.obj
 0001:00045ad0       ___crtCompareStringA       02046ad0 f   LIBCMTD:a_cmp.obj
 0001:00046090       _strcmp                    02047090 f   LIBCMTD:strcmp.obj
 0001:00046120       ?_Type_info_dtor@type_info@@CAXPAV1@@Z 02047120 f   LIBCMTD:typname.obj
 0001:00046230       ?_Name_base@type_info@@CAPBDPBV1@PAU__type_info_node@@@Z 02047230 f   LIBCMTD:typname.obj
 0001:000463d0       ?_Type_info_dtor_internal@type_info@@CAXPAV1@@Z 020473d0 f   LIBCMTD:typname.obj
 0001:000464e0       ___unDNameHelper           020474e0 f   LIBCMTD:typname.obj
 0001:00046520       ?_Name_base_internal@type_info@@CAPBDPBV1@PAU__type_info_node@@@Z 02047520 f   LIBCMTD:typname.obj
 0001:000466c0       ___clean_type_info_names_internal 020476c0 f   LIBCMTD:typname.obj
 0001:00046770       ??3@YAXPAX@Z               02047770 f   LIBCMTD:dbgdel.obj
 0001:00046860       ___libm_setusermatherr     02047860 f   LIBCMTD:libm_error.obj
 0001:000468a0       ___libm_error_support      020478a0 f   LIBCMTD:libm_error.obj
 0001:000473d0       __ceil_default             020483d0 f   LIBCMTD:ceil.obj
 0001:00047510       __modf_default             02048510 f   LIBCMTD:modf.obj
 0001:00047680       __set_exp                  02048680 f   LIBCMTD:util.obj
 0001:000476c0       __get_exp                  020486c0 f   LIBCMTD:util.obj
 0001:000476f0       __add_exp                  020486f0 f   LIBCMTD:util.obj
 0001:00047720       __set_bexp                 02048720 f   LIBCMTD:util.obj
 0001:00047750       __sptype                   02048750 f   LIBCMTD:util.obj
 0001:000477d0       __decomp                   020487d0 f   LIBCMTD:util.obj
 0001:000478f0       __copysign                 020488f0 f   LIBCMTD:ieeemisc.obj
 0001:00047920       __chgsign                  02048920 f   LIBCMTD:ieeemisc.obj
 0001:00047960       __scalb                    02048960 f   LIBCMTD:ieeemisc.obj
 0001:00047980       __logb                     02048980 f   LIBCMTD:ieeemisc.obj
 0001:00047ab0       __nextafter                02048ab0 f   LIBCMTD:ieeemisc.obj
 0001:00047dc0       __finite                   02048dc0 f   LIBCMTD:ieeemisc.obj
 0001:00047de0       __isnan                    02048de0 f   LIBCMTD:ieeemisc.obj
 0001:00047e20       __fpclass                  02048e20 f   LIBCMTD:ieeemisc.obj
 0001:00047ef0       __handle_qnan1             02048ef0 f   LIBCMTD:fpexcept.obj
 0001:00047f50       __handle_qnan2             02048f50 f   LIBCMTD:fpexcept.obj
 0001:00047fc0       __except1                  02048fc0 f   LIBCMTD:fpexcept.obj
 0001:000480c0       __except2                  020490c0 f   LIBCMTD:fpexcept.obj
 0001:000481d0       __raise_exc_ex             020491d0 f   LIBCMTD:fpexcept.obj
 0001:00048700       __raise_exc                02049700 f   LIBCMTD:fpexcept.obj
 0001:00048730       __raise_excf               02049730 f   LIBCMTD:fpexcept.obj
 0001:00048760       __handle_exc               02049760 f   LIBCMTD:fpexcept.obj
 0001:00048a60       __umatherr                 02049a60 f   LIBCMTD:fpexcept.obj
 0001:00048b00       __set_errno_from_matherr   02049b00 f   LIBCMTD:fpexcept.obj
 0001:00048b80       __errcode                  02049b80 f   LIBCMTD:fpexcept.obj
 0001:00048bf0       __statfp                   02049bf0 f   LIBCMTD:fpctrl.obj
 0001:00048c00       __clrfp                    02049c00 f   LIBCMTD:fpctrl.obj
 0001:00048c20       __ctrlfp                   02049c20 f   LIBCMTD:fpctrl.obj
 0001:00048c50       __set_statfp               02049c50 f   LIBCMTD:fpctrl.obj
 0001:00048cc0       ___get_fpsr_sse2           02049cc0 f   LIBCMTD:fpctrl.obj
 0001:00048cf0       ___set_fpsr_sse2           02049cf0 f   LIBCMTD:fpctrl.obj
 0001:00048dd0       ___fclrf_sse2              02049dd0 f   LIBCMTD:fpctrl.obj
 0001:00048df0       ___statfp_sse2             02049df0 f   LIBCMTD:fpctrl.obj
 0001:00048e20       ___clrfp_sse2              02049e20 f   LIBCMTD:fpctrl.obj
 0001:00048e60       ___ctrlfp_sse2             02049e60 f   LIBCMTD:fpctrl.obj
 0001:00048ec0       ___set_statfp_sse2         02049ec0 f   LIBCMTD:fpctrl.obj
 0001:00048ef0       ___crtLCMapStringA         02049ef0 f   LIBCMTD:a_map.obj
 0001:000494a0       __isleadbyte_l             0204a4a0 f i LIBCMTD:_wctype.obj
 0001:000494f0       _isleadbyte                0204a4f0 f i LIBCMTD:_wctype.obj
 0001:00049510       __iswalpha_l               0204a510 f i LIBCMTD:_wctype.obj
 0001:00049530       _iswalpha                  0204a530 f i LIBCMTD:_wctype.obj
 0001:00049550       __iswupper_l               0204a550 f i LIBCMTD:_wctype.obj
 0001:00049570       _iswupper                  0204a570 f i LIBCMTD:_wctype.obj
 0001:00049590       __iswlower_l               0204a590 f i LIBCMTD:_wctype.obj
 0001:000495b0       _iswlower                  0204a5b0 f i LIBCMTD:_wctype.obj
 0001:000495d0       __iswdigit_l               0204a5d0 f i LIBCMTD:_wctype.obj
 0001:000495f0       _iswdigit                  0204a5f0 f i LIBCMTD:_wctype.obj
 0001:00049610       __iswxdigit_l              0204a610 f i LIBCMTD:_wctype.obj
 0001:00049630       _iswxdigit                 0204a630 f i LIBCMTD:_wctype.obj
 0001:00049650       __iswspace_l               0204a650 f i LIBCMTD:_wctype.obj
[...]
 0001:0001d3e0       ?test_then_block@@YAHPAULexState@@@Z 0201e3e0 f    CIL library: CIL module
 0001:0001d4e0       ?ifstat@@YAXPAULexState@@H@Z 0201e4e0 f    CIL library: CIL module
 0001:0001d7b0       ?localfunc@@YAXPAULexState@@@Z 0201e7b0 f    CIL library: CIL module
 0001:0001d8b0       ?localstat@@YAXPAULexState@@@Z 0201e8b0 f    CIL library: CIL module
 0001:0001da80       ?funcname@@YAHPAULexState@@PAUexpdesc@@@Z 0201ea80 f    CIL library: CIL module
 0001:0001db10       ?funcstat@@YAXPAULexState@@H@Z 0201eb10 f    CIL library: CIL module
 0001:0001dba0       ?exprstat@@YAXPAULexState@@@Z 0201eba0 f    CIL library: CIL module
 0001:0001dc00       ?retstat@@YAXPAULexState@@@Z 0201ec00 f    CIL library: CIL module
 0001:0001dd30       ?statement@@YAHPAULexState@@@Z 0201ed30 f    CIL library: CIL module
 0001:0001de70       ?chunk@@YAXPAULexState@@@Z 0201ee70 f    CIL library: CIL module
 0001:0001df50       ?isnumeral@@YAHPAUexpdesc@@@Z 0201ef50 f    CIL library: CIL module
 0001:0001e070       ?condjump@@YAHPAUFuncState@@W4OpCode@@HHH@Z 0201f070 f    CIL library: CIL module
 0001:0001e0d0       ?fixjump@@YAXPAUFuncState@@HH@Z 0201f0d0 f    CIL library: CIL module
 0001:0001e130       ?getjump@@YAHPAUFuncState@@H@Z 0201f130 f    CIL library: CIL module
 0001:0001e150       ?getjumpcontrol@@YAPAIPAUFuncState@@H@Z 0201f150 f    CIL library: CIL module
 0001:0001e170       ?need_value@@YAHPAUFuncState@@H@Z 0201f170 f    CIL library: CIL module
 0001:0001e1d0       ?patchtestreg@@YAHPAUFuncState@@HH@Z 0201f1d0 f    CIL library: CIL module
 0001:0001e250       ?removevalues@@YAXPAUFuncState@@H@Z 0201f250 f    CIL library: CIL module
 0001:0001e2e0       ?patchlistaux@@YAXPAUFuncState@@HHHH@Z 0201f2e0 f    CIL library: CIL module
 0001:0001e420       ?dischargejpc@@YAXPAUFuncState@@@Z 0201f420 f    CIL library: CIL module
 0001:0001e560       ?freereg@@YAXPAUFuncState@@H@Z 0201f560 f    CIL library: CIL module
 0001:0001e580       ?freeexp@@YAXPAUFuncState@@PAUexpdesc@@@Z 0201f580 f    CIL library: CIL module
 0001:0001e5a0       ?addk@@YAHPAUFuncState@@PAUlua_TValue@@1@Z 0201f5a0 f    CIL library: CIL module
 0001:0001e710       ?boolK@@YAHPAUFuncState@@H@Z 0201f710 f    CIL library: CIL module
 0001:0001e730       ?nilK@@YAHPAUFuncState@@@Z 0201f730 f    CIL library: CIL module
 0001:0001e930       ?code_label@@YAHPAUFuncState@@HHH@Z 0201f930 f    CIL library: CIL module
 0001:0001e960       ?discharge2reg@@YAXPAUFuncState@@PAUexpdesc@@H@Z 0201f960 f    CIL library: CIL module
 0001:0001eae0       ?discharge2anyreg@@YAXPAUFuncState@@PAUexpdesc@@@Z 0201fae0 f    CIL library: CIL module
 0001:0001eb30       ?exp2reg@@YAXPAUFuncState@@PAUexpdesc@@H@Z 0201fb30 f    CIL library: CIL module
 0001:0001f080       ?invertjump@@YAXPAUFuncState@@PAUexpdesc@@@Z 02020080 f    CIL library: CIL module
 0001:0001f0d0       ?jumponcond@@YAHPAUFuncState@@PAUexpdesc@@H@Z 020200d0 f    CIL library: CIL module
 0001:0001f280       ?luaK_goiffalse@@YAXPAUFuncState@@PAUexpdesc@@@Z 02020280 f    CIL library: CIL module
 0001:0001f310       ?codenot@@YAXPAUFuncState@@PAUexpdesc@@@Z 02020310 f    CIL library: CIL module
 0001:0001f400       ?constfolding@@YAHW4OpCode@@PAUexpdesc@@1@Z 02020400 f    CIL library: CIL module
 0001:0001f4f0       ?codearith@@YAXPAUFuncState@@W4OpCode@@PAUexpdesc@@2@Z 020204f0 f    CIL library: CIL module
 0001:0001f5e0       ?codecomp@@YAXPAUFuncState@@W4OpCode@@HPAUexpdesc@@2@Z 020205e0 f    CIL library: CIL module
 0001:0001fa00       ?luaK_code@@YAHPAUFuncState@@IH@Z 02020a00 f    CIL library: CIL module
 0001:0001fc90       ?DllImportHalt@@YAXPBD0@Z  02020c90 f   common.obj
 0001:00020f90       ?RemoveDefErrf@@YAHPAUlua_State@@@Z 02021f90 f   lua_main.obj
 0001:00021000       ?lua_xpcall@@YAHPAUlua_State@@@Z 02022000 f   lua_main.obj
 0001:000210d0       ?BitOr@@YAHPAUlua_State@@@Z 020220d0 f   lua_main.obj
 0001:00021150       ?BitAnd@@YAHPAUlua_State@@@Z 02022150 f   lua_main.obj
 0001:000211d0       ?BitXor@@YAHPAUlua_State@@@Z 020221d0 f   lua_main.obj
 0001:00021250       ?BitAndNot@@YAHPAUlua_State@@@Z 02022250 f   lua_main.obj
 0001:000212f0       ?LuaFindStart@@YAHPAUlua_State@@@Z 020222f0 f   lua_main.obj
 0001:000214f0       ?LuaFindNext@@YAHPAUlua_State@@@Z 020224f0 f   lua_main.obj
 0001:00021610       ?DoFindNext@@YAHPAUMY_WIN32_FIND_DATA@@@Z 02022610 f   lua_main.obj
 0001:000216b0       ?LuaFindClose@@YAHPAUlua_State@@@Z 020226b0 f   lua_main.obj
 0001:00021960       ?CallPtr@@YAHPAUlua_State@@@Z 02022960 f   lua_main.obj
 0001:00021a00       ?CallbackCall@@YAHQAHPAUlua_State@@@Z 02022a00 f   lua_main.obj
 0001:00021a60       ?Mem_GetNum@@YAHPAUlua_State@@@Z 02022a60 f   lua_main.obj
 0001:00021d70       ?Mem_SetNum@@YAHPAUlua_State@@@Z 02022d70 f   lua_main.obj
 0001:00022040       ?Mem_String@@YAHPAUlua_State@@@Z 02023040 f   lua_main.obj
 0001:00022190       ?NewObj@@YAHPAUlua_State@@@Z 02023190 f   lua_main.obj
 0001:00022280       ?ObjMetatable@@YAHPAUlua_State@@@Z 02023280 f   lua_main.obj
 0001:00022320       ?DebugConsole@@YAHPAUlua_State@@@Z 02023320 f   lua_main.obj
 0001:00022540       ?ErrorMessageExe@@YAXPAUlua_State@@@Z 02023540 f   lua_main.obj
 0001:00022700       ?ErrorMessage@@YAXPAUlua_State@@@Z 02023700 f   lua_main.obj
 0001:000232e0       ?ErrorFunction@@YAHPAUlua_State@@@Z 020242e0 f   lua_main.obj
 0001:00023a60       ?DebuggerProbe@@YAHK@Z     02024a60 f   LIBCMTD:error.obj
 0001:00023b40       ?failwithmessage@@YAXPAXHHPBD@Z 02024b40 f   LIBCMTD:error.obj
 0001:00023d80       ?DebuggerRuntime@@YAHKHPAXPB_W@Z 02024d80 f   LIBCMTD:error.obj
 0001:00024080       ?_getMemBlockDataString@@YAXPAD00I@Z 02025080 f   LIBCMTD:error.obj
 0001:00024dd0       ___DllMainCRTStartup       02025dd0 f   LIBCMTD:dllcrt0.obj
 0001:00025780       _realloc_help              02026780 f   LIBCMTD:dbgheap.obj
 0001:000266f0       _CheckBytes                020276f0 f   LIBCMTD:dbgheap.obj
 0001:00027590       ?_CrtMemDumpAllObjectsSince_stat@@YAXPBU_CrtMemState@@PAUlocaleinfo_struct@@@Z 02028590 f   LIBCMTD:dbgheap.obj
 0001:000278a0       __printMemBlockData        020288a0 f   LIBCMTD:dbgheap.obj
 0001:0002b5b0       ?strtoxl@@YAKPAUlocaleinfo_struct@@PBDPAPBDHH@Z 0202c5b0 f   LIBCMTD:strtol.obj
 0001:0002db60       _init_namebuf              0202eb60 f   LIBCMTD:tmpfile.obj
 0001:0002dcc0       _genfname                  0202ecc0 f   LIBCMTD:tmpfile.obj
 0001:0002ead0       _idtab                     0202fad0 f   LIBCMTD:popen.obj
 0001:0002ed80       _flsall                    0202fd80 f   LIBCMTD:fflush.obj
 0001:0002fe00       __make__time64_t           02030e00 f   LIBCMTD:mktime64.obj
 0001:000317a0       ?_expandtime@@YAHPAUlocaleinfo_struct@@DPBUtm@@PAPADPAIPAU__lc_time_data@@I@Z 020327a0 f   LIBCMTD:strftime.obj
 0001:00032740       ?_store_str@@YAXPADPAPADPAI@Z 02033740 f   LIBCMTD:strftime.obj
 0001:00032790       ?_store_num@@YAXHHPAPADPAII@Z 02033790 f   LIBCMTD:strftime.obj
 0001:00032840       ?_store_number@@YAXHPAPADPAI@Z 02033840 f   LIBCMTD:strftime.obj
 0001:000328f0       ?_store_winword@@YAHPAUlocaleinfo_struct@@HPBUtm@@PAPADPAIPAU__lc_time_data@@@Z 020338f0 f   LIBCMTD:strftime.obj
 0001:00033b30       __updatetlocinfoEx_nolock  02034b30 f   LIBCMTD:setlocal.obj
 0001:00034060       __copytlocinfo_nolock      02035060 f   LIBCMTD:setlocal.obj
 0001:00034440       _sync_legacy_variables_lk  02035440 f   LIBCMTD:setlocal.obj
 0001:000344c0       __setlocale_nolock         020354c0 f   LIBCMTD:setlocal.obj
 0001:000348b0       __setlocale_set_cat        020358b0 f   LIBCMTD:setlocal.obj
 0001:00034de0       __setlocale_get_all        02035de0 f   LIBCMTD:setlocal.obj
 0001:00035f00       __getenv_s_helper          02036f00 f   LIBCMTD:getenv.obj
 0001:00036160       __dupenv_s_helper          02037160 f   LIBCMTD:getenv.obj
 0001:00036670       _doexit                    02037670 f   LIBCMTD:crt0dat.obj
 0001:000368d0       __initterm                 020378d0 f   LIBCMTD:crt0dat.obj
 0001:00038730       _write_char                02039730 f   LIBCMTD:output.obj
 0001:000387d0       _write_multi_char          020397d0 f   LIBCMTD:output.obj
 0001:00038810       _write_string              02039810 f   LIBCMTD:output.obj
 0001:0003a570       _ValidateLocalCookies      0203b570 f   LIBCMTD:chandler4.obj
 0001:0003a8a0       ?GetPdbDll@@YAPAUHINSTANCE__@@XZ 0203b8a0 f   LIBCMTD:pdblkup.obj
 0001:0003afb0       __cftoe2_l                 0203bfb0 f   LIBCMTD:cvt.obj
 0001:0003bd20       __cftof2_l                 0203cd20 f   LIBCMTD:cvt.obj
 0001:0003c2f0       __shift                    0203d2f0 f   LIBCMTD:cvt.obj
 0001:0003c510       _fastcopy_I                0203d510 f   LIBCMTD:p4_memcpy.obj
 0001:0003d680       _parse_cmdline             0203e680 f   LIBCMTD:stdargv.obj
 0001:0003e190       _xcptlookup                0203f190 f   LIBCMTD:winxfltr.obj
 0001:00041a20       ?getSystemCP@@YAHH@Z       02042a20 f   LIBCMTD:mbctype.obj
 0001:00041e50       ?CPtoLCID@@YAHH@Z          02042e50 f   LIBCMTD:mbctype.obj
 0001:00041ed0       ?setSBCS@@YAXPAUthreadmbcinfostruct@@@Z 02042ed0 f   LIBCMTD:mbctype.obj
 0001:00041fb0       ?setSBUpLow@@YAXPAUthreadmbcinfostruct@@@Z 02042fb0 f   LIBCMTD:mbctype.obj
 0001:00043610       __unwind_handler4          02044610 f   LIBCMTD:exsup4.obj
 0001:00045790       ?CatchGuardHandler@@YA?AW4_EXCEPTION_DISPOSITION@@PAUEHExceptionRecord@@PAUCatchGuardRN@@PAX2@Z 02046790 f   LIBCMTD:trnsctrl.obj
 0001:000458d0       ?TranslatorGuardHandler@@YA?AW4_EXCEPTION_DISPOSITION@@PAUEHExceptionRecord@@PAUTranslatorGuardRN@@PAX2@Z 020468d0 f   LIBCMTD:trnsctrl.obj
 0001:00045b30       ?__crtCompareStringA_stat@@YAHPAUlocaleinfo_struct@@KKPBDH1HH@Z 02046b30 f   LIBCMTD:a_cmp.obj
 0001:00046040       ?strncnt@@YAHPBDH@Z        02047040 f   LIBCMTD:a_cmp.obj
 0001:00048b40       __get_fname                02049b40 f   LIBCMTD:fpexcept.obj
 0001:00048f50       ?__crtLCMapStringA_stat@@YAHPAUlocaleinfo_struct@@KKPBDHPADHHH@Z 02049f50 f   LIBCMTD:a_map.obj
 0001:00049450       ?strncnt@@YAHPBDH@Z        0204a450 f   LIBCMTD:a_map.obj
 0001:0004b050       ___check_float_string      0204c050 f   LIBCMTD:input.obj
 0001:0004b160       __hextodec                 0204c160 f   LIBCMTD:input.obj
 0001:0004b1a0       __inc                      0204c1a0 f   LIBCMTD:input.obj
 0001:0004b200       __un_inc                   0204c200 f   LIBCMTD:input.obj
 0001:0004b220       __whiteout                 0204c220 f   LIBCMTD:input.obj
 0001:0004cd70       ___check_float_string      0204dd70 f   LIBCMTD:inputs.obj
 0001:0004ce60       __hextodec                 0204de60 f   LIBCMTD:inputs.obj
 0001:0004cea0       __inc                      0204dea0 f   LIBCMTD:inputs.obj
 0001:0004cf00       __un_inc                   0204df00 f   LIBCMTD:inputs.obj
 0001:0004cf20       __whiteout                 0204df20 f   LIBCMTD:inputs.obj
 0001:0004d4c0       __tsopen_nolock            0204e4c0 f   LIBCMTD:open.obj
 0001:0004e810       _xtoa_s@20                 0204f810 f   LIBCMTD:xtoas.obj
 0001:0004ec20       @x64toa_s@24               0204fc20 f   LIBCMTD:xtoas.obj
 0001:000515a0       __tzset_nolock             020525a0 f   LIBCMTD:tzset.obj
 0001:00051b80       __isindst_nolock           02052b80 f   LIBCMTD:tzset.obj
 0001:00051e90       _cvtdate                   02052e90 f   LIBCMTD:tzset.obj
 0001:00053020       _comexecmd                 02054020 f   LIBCMTD:spawnve.obj
 0001:00053640       __get_lc_time              02054640 f   LIBCMTD:inittime.obj
 0001:00054250       _fix_grouping              02055250 f   LIBCMTD:initnum.obj
 0001:000547c0       _fix_grouping              020557c0 f   LIBCMTD:initmon.obj
 0001:00055390       _cmpBYTE                   02056390 f   LIBCMTD:memcmp.obj
 0001:000553c0       _cmpResult                 020563c0 f   LIBCMTD:memcmp.obj
 0001:000553e0       _unaligned_memcmp          020563e0 f   LIBCMTD:memcmp.obj
 0001:00055af0       _cmpWORD                   02056af0 f   LIBCMTD:memcmp.obj
 0001:00055b70       _cmpDWORD                  02056b70 f   LIBCMTD:memcmp.obj
 0001:00055ca0       ?__crtGetStringTypeA_stat@@YAHPAUlocaleinfo_struct@@KPBDHPAGHHH@Z 02056ca0 f   LIBCMTD:a_str.obj
 0001:00056180       _TranslateName             02057180 f   LIBCMTD:getqloc.obj
 0001:00056210       _GetLcidFromLangCountry    02057210 f   LIBCMTD:getqloc.obj
 0001:000562d0       _LangCountryEnumProc@4     020572d0 f   LIBCMTD:getqloc.obj
 0001:00056710       _GetLcidFromLanguage       02057710 f   LIBCMTD:getqloc.obj
 0001:00056790       _LanguageEnumProc@4        02057790 f   LIBCMTD:getqloc.obj
 0001:00056930       _GetLcidFromCountry        02057930 f   LIBCMTD:getqloc.obj
 0001:00056980       _CountryEnumProc@4         02057980 f   LIBCMTD:getqloc.obj
 0001:00056a80       _GetLcidFromDefault        02057a80 f   LIBCMTD:getqloc.obj
 0001:00056ab0       _ProcessCodePage           02057ab0 f   LIBCMTD:getqloc.obj
 0001:00056b60       _TestDefaultCountry        02057b60 f   LIBCMTD:getqloc.obj
 0001:00056bb0       _TestDefaultLanguage       02057bb0 f   LIBCMTD:getqloc.obj
 0001:00056c50       _LcidFromHexString         02057c50 f   LIBCMTD:getqloc.obj
 0001:00056cd0       _GetPrimaryLen             02057cd0 f   LIBCMTD:getqloc.obj
 0001:00057150       __onexit_nolock            02058150 f   LIBCMTD:onexit.obj
 0001:00057d70       _ctrlevent_capture@4       02058d70 f   LIBCMTD:winsig.obj
 0001:00058170       _siglookup                 02059170 f   LIBCMTD:winsig.obj
 0001:00058850       ___crtInitCritSecNoSpinCount@8 02059850 f   LIBCMTD:initcrit.obj
 0001:0005ac00       ?wcsncnt@@YAIPB_WI@Z       0205bc00 f   LIBCMTD:wcstombs.obj
 0001:0005f9c0       _write_char                020609c0 f   LIBCMTD:outputp.obj
 0001:0005fa60       _write_multi_char          02060a60 f   LIBCMTD:outputp.obj
 0001:0005faa0       _write_string              02060aa0 f   LIBCMTD:outputp.obj
 0001:00060f90       _write_char                02061f90 f   LIBCMTD:outputs.obj
 0001:00061030       _write_multi_char          02062030 f   LIBCMTD:outputs.obj
 0001:00061070       _write_string              02062070 f   LIBCMTD:outputs.obj
 0001:00061e90       _has_osfxsr_set            02062e90 f   LIBCMTD:cpu_disp.obj
 0001:00061ff0       _fastzero_I                02062ff0 f   LIBCMTD:p4_memset.obj
 0001:00062360       ?x_ismbbtype_l@@YAHPAUlocaleinfo_struct@@IHH@Z 02063360 f   LIBCMTD:ismbbyte.obj
 0001:00062dcc       __unwind_handler           02063dcc f   LIBCMTD:exsup.obj
 0001:00065190       ?FindHandler@@YAXPAUEHExceptionRecord@@PAUEHRegistrationNode@@PAU_CONTEXT@@PAXPBU_s_FuncInfo@@EH1@Z 02066190 f   LIBCMTD:frame.obj
 0001:000656e0       ?FindHandlerForForeignException@@YAXPAUEHExceptionRecord@@PAUEHRegistrationNode@@PAU_CONTEXT@@PAXPBU_s_FuncInfo@@HH1@Z 020666e0 f   LIBCMTD:frame.obj
 0001:00065b00       ?CatchIt@@YAXPAUEHExceptionRecord@@PAUEHRegistrationNode@@PAU_CONTEXT@@PAXPBU_s_FuncInfo@@PBU_s_HandlerType@@PBU_s_CatchableType@@PBU_s_TryBlockMapEntry@@H1E@Z 02066b00 f   LIBCMTD:frame.obj
 0001:00065bc0       ?CallCatchBlock@@YAPAXPAUEHExceptionRecord@@PAUEHRegistrationNode@@PAU_CONTEXT@@PBU_s_FuncInfo@@PAXHK@Z 02066bc0 f   LIBCMTD:frame.obj
 0001:00065e50       ?ExFilterRethrow@@YAHPAU_EXCEPTION_POINTERS@@@Z 02066e50 f   LIBCMTD:frame.obj
 0001:00066a90       ?IsInExceptionSpec@@YAEPAUEHExceptionRecord@@PBU_s_ESTypeList@@@Z 02067a90 f   LIBCMTD:frame.obj
 0001:00066b50       ?CallUnexpected@@YAXPBU_s_ESTypeList@@@Z 02067b50 f   LIBCMTD:frame.obj
 0001:00066b9c       __catch$?CallUnexpected@@YAXPBU_s_ESTypeList@@@Z$0 02067b9c f   LIBCMTD:frame.obj
 0001:00066be0       ?Is_bad_exception_allowed@@YAEPBU_s_ESTypeList@@@Z 02067be0 f   LIBCMTD:frame.obj
 0001:00070550       ?und_strlen@@YAIPBD@Z      02071550 f   LIBCMTD:undname.obj
 0001:00070590       ?und_strncpy@@YAPADPADPBDI@Z 02071590 f   LIBCMTD:undname.obj
 0001:000705e0       ?und_strncmp@@YAIPBD0I@Z   020715e0 f   LIBCMTD:undname.obj
 0001:000730a0       _findenv                   020740a0 f   LIBCMTD:setenv.obj
 0001:00073120       _copy_environ              02074120 f   LIBCMTD:setenv.obj
 0001:000734e0       ?__crtGetLocaleInfoW_stat@@YAHPAUlocaleinfo_struct@@KKPA_WHH@Z 020744e0 f   LIBCMTD:w_loc.obj
 0001:000736b0       ?__crtGetLocaleInfoA_stat@@YAHPAUlocaleinfo_struct@@KKPADHH@Z 020746b0 f   LIBCMTD:a_loc.obj
 0001:00074fa0       _xtow_s@20                 02075fa0 f   LIBCMTD:xtows.obj
 0001:000753d0       @x64tow_s@24               020763d0 f   LIBCMTD:xtows.obj
 0001:00076850       _write_char                02077850 f   LIBCMTD:woutput.obj
 0001:000768b0       _write_multi_char          020778b0 f   LIBCMTD:woutput.obj
 0001:000768f0       _write_string              020778f0 f   LIBCMTD:woutput.obj
 0001:00077000       __abstract_cw              02078000 f   LIBCMTD:ieee87.obj
 0001:00077150       __hw_cw                    02078150 f   LIBCMTD:ieee87.obj
 0001:000772b0       __abstract_sw              020782b0 f   LIBCMTD:ieee87.obj
 0001:00077340       ___statusfp_sse2           02078340 f   LIBCMTD:ieee87.obj
 0001:00077360       ___clearfp_sse2            02078360 f   LIBCMTD:ieee87.obj
 0001:00077380       ___control87_sse2          02078380 f   LIBCMTD:ieee87.obj
 0001:00077400       ___abstract_cw_sse2        02078400 f   LIBCMTD:ieee87.obj
 0001:00077550       ___hw_cw_sse2              02078550 f   LIBCMTD:ieee87.obj
 0001:000776a0       ___abstract_sw_sse2        020786a0 f   LIBCMTD:ieee87.obj
 0001:00077730       ___fpreset_sse2            02078730 f   LIBCMTD:ieee87.obj
 0001:00078d10       ?__crtGetStringTypeW_stat@@YAHPAUlocaleinfo_struct@@KPB_WHPAGHH@Z 02079d10 f   LIBCMTD:w_str.obj
 0001:000790c0       ?strtoxq@@YA_KPAUlocaleinfo_struct@@PBDPAPBDHH@Z 0207a0c0 f   LIBCMTD:strtoq.obj
 0001:0007ad00       _write_char                0207bd00 f   LIBCMTD:woutputs.obj
 0001:0007ad60       _write_multi_char          0207bd60 f   LIBCMTD:woutputs.obj
 0001:0007ada0       _write_string              0207bda0 f   LIBCMTD:woutputs.obj
 0001:0007e6a0       _write_char                0207f6a0 f   LIBCMTD:woutputp.obj
 0001:0007e700       _write_multi_char          0207f700 f   LIBCMTD:woutputp.obj
 0001:0007e740       _write_string              0207f740 f   LIBCMTD:woutputp.obj
 0001:0007ed20       ?wcstoxl@@YAKPAUlocaleinfo_struct@@PB_WPAPB_WHH@Z 0207fd20 f   LIBCMTD:wcstol.obj
 0001:00084d40       __unwindfunclet$?strtoxl@@YAKPAUlocaleinfo_struct@@PBDPAPBDHH@Z$0 02085d40 f   LIBCMTD:strtol.obj
 0001:00084d48       __ehhandler$?strtoxl@@YAKPAUlocaleinfo_struct@@PBDPAPBDHH@Z 02085d48 f   LIBCMTD:strtol.obj
 0001:00084d70       __unwindfunclet$?getSystemCP@@YAHH@Z$0 02085d70 f   LIBCMTD:mbctype.obj
 0001:00084d78       __ehhandler$?getSystemCP@@YAHH@Z 02085d78 f   LIBCMTD:mbctype.obj
 0001:00084da0       __unwindfunclet$?x_ismbbtype_l@@YAHPAUlocaleinfo_struct@@IHH@Z$0 02085da0 f   LIBCMTD:ismbbyte.obj
 0001:00084da8       __ehhandler$?x_ismbbtype_l@@YAHPAUlocaleinfo_struct@@IHH@Z 02085da8 f   LIBCMTD:ismbbyte.obj
 0001:00084dd0       __ehhandler$?CallUnexpected@@YAXPBU_s_ESTypeList@@@Z 02085dd0 f   LIBCMTD:frame.obj
 0001:00084df0       __unwindfunclet$?strtoxq@@YA_KPAUlocaleinfo_struct@@PBDPAPBDHH@Z$0 02085df0 f   LIBCMTD:strtoq.obj
 0001:00084df8       __ehhandler$?strtoxq@@YA_KPAUlocaleinfo_struct@@PBDPAPBDHH@Z 02085df8 f   LIBCMTD:strtoq.obj
 0001:00084e20       __unwindfunclet$?wcstoxl@@YAKPAUlocaleinfo_struct@@PB_WPAPB_WHH@Z$0 02085e20 f   LIBCMTD:wcstol.obj
 0001:00084e28       __ehhandler$?wcstoxl@@YAKPAUlocaleinfo_struct@@PB_WPAPB_WHH@Z 02085e28 f   LIBCMTD:wcstol.obj
 0001:00084e50       __ehhandler$?luaD_rawrunprotected@@YAHPAUlua_State@@P6AX0PAX@Z1@Z 02085e50 f    CIL library: CIL module
